Archive member included because of file (symbol)

c:/toolchain_generic/6.2_2016q4/arm-eabi/lib/newlib-nano-2.1-nds/\libtoolchaingen7i.a(biosTGDSC.o)
                              build/main.o (handleARM7SVC)
c:/toolchain_generic/6.2_2016q4/arm-eabi/lib/newlib-nano-2.1-nds/\libtoolchaingen7i.a(exceptionTGDS.o)
                              ./build/nds_arm_ld_crt0.o (exception_sysexit)
c:/toolchain_generic/6.2_2016q4/arm-eabi/lib/newlib-nano-2.1-nds/\libtoolchaingen7i.a(initNDSTGDS.o)
                              ./build/nds_arm_ld_crt0.o (initHardware)
c:/toolchain_generic/6.2_2016q4/arm-eabi/lib/newlib-nano-2.1-nds/\libtoolchaingen7i.a(posixHandleTGDS.o)
                              build/main.o (writeDebugBuffer7)
c:/toolchain_generic/6.2_2016q4/arm-eabi/lib/newlib-nano-2.1-nds/\libtoolchaingen7i.a(utilsTGDS.o)
                              build/loader.o (getValueSafe)
c:/toolchain_generic/6.2_2016q4/arm-eabi/lib/newlib-nano-2.1-nds/\libtoolchaingen7i.a(biosTGDSAsm.o)
                              c:/toolchain_generic/6.2_2016q4/arm-eabi/lib/newlib-nano-2.1-nds/\libtoolchaingen7i.a(initNDSTGDS.o) (swiDelay)
c:/toolchain_generic/6.2_2016q4/arm-eabi/lib/newlib-nano-2.1-nds/\libtoolchaingen7i.a(exceptionTGDSasm.o)
                              c:/toolchain_generic/6.2_2016q4/arm-eabi/lib/newlib-nano-2.1-nds/\libtoolchaingen7i.a(exceptionTGDS.o) (DebugException)
c:/toolchain_generic/6.2_2016q4/arm-eabi/lib/newlib-nano-2.1-nds/\libtoolchaingen7i.a(InterruptsARMCores_s.o)
                              build/main.o (IRQWait)
c:/toolchain_generic/6.2_2016q4/arm-eabi/lib/newlib-nano-2.1-nds/\libtoolchaingen7i.a(soundTGDS.o)
                              c:/toolchain_generic/6.2_2016q4/arm-eabi/lib/newlib-nano-2.1-nds/\libtoolchaingen7i.a(initNDSTGDS.o) (initSound)
c:/toolchain_generic/6.2_2016q4/arm-eabi/lib/newlib-nano-2.1-nds/\libtoolchaingen7i.a(xmem.o)
                              c:/toolchain_generic/6.2_2016q4/arm-eabi/lib/newlib-nano-2.1-nds/\libtoolchaingen7i.a(posixHandleTGDS.o) (XMEMTOTALSIZE)
c:/toolchain_generic/6.2_2016q4/arm-eabi/lib/newlib-nano-2.1-nds/\libhardware7i.a(eventsTGDS.o)
                              build/Interrupts_app7.o (TurnOnScreens)
c:/toolchain_generic/6.2_2016q4/arm-eabi/lib/newlib-nano-2.1-nds/\libhardware7i.a(ipcfifoTGDS.o)
                              build/main.o (SendFIFOWords)
c:/toolchain_generic/6.2_2016q4/arm-eabi/lib/newlib-nano-2.1-nds/\libhardware7i.a(powerTGDS.o)
                              c:/toolchain_generic/6.2_2016q4/arm-eabi/lib/newlib-nano-2.1-nds/\libhardware7i.a(ipcfifoTGDS.o) (powerON)
c:/toolchain_generic/6.2_2016q4/arm-eabi/lib/newlib-nano-2.1-nds/\libhardware7i.a(spiTGDS.o)
                              c:/toolchain_generic/6.2_2016q4/arm-eabi/lib/newlib-nano-2.1-nds/\libhardware7i.a(ipcfifoTGDS.o) (RWSPICNT)
c:/toolchain_generic/6.2_2016q4/arm-eabi/lib/newlib-nano-2.1-nds/\libhardware7i.a(spifwTGDS.o)
                              c:/toolchain_generic/6.2_2016q4/arm-eabi/lib/newlib-nano-2.1-nds/\libtoolchaingen7i.a(utilsTGDS.o) (PowerManagementDeviceRead)
c:/toolchain_generic/6.2_2016q4/arm-eabi/lib/newlib-nano-2.1-nds/\libhardware7i.a(spitscTGDS.o)
                              c:/toolchain_generic/6.2_2016q4/arm-eabi/lib/newlib-nano-2.1-nds/\libhardware7i.a(ipcfifoTGDS.o) (xscale)
c:/toolchain_generic/6.2_2016q4/arm-eabi/lib/newlib-nano-2.1-nds/\libhardware7i.a(usrsettingsTGDS.o)
                              c:/toolchain_generic/6.2_2016q4/arm-eabi/lib/newlib-nano-2.1-nds/\libtoolchaingen7i.a(initNDSTGDS.o) (LoadFirmwareSettingsFromFlash)
c:/toolchain_generic/6.2_2016q4/arm-eabi/lib/newlib-nano-2.1-nds/\libhardware7i.a(utils.twl.o)
                              c:/toolchain_generic/6.2_2016q4/arm-eabi/lib/newlib-nano-2.1-nds/\libhardware7i.a(spitscTGDS.o) (cdcIsAvailable)
c:/toolchain_generic/6.2_2016q4/arm-eabi/lib/newlib-nano-2.1-nds/\libhardware7i.a(wifi_shared.o)
                              c:/toolchain_generic/6.2_2016q4/arm-eabi/lib/newlib-nano-2.1-nds/\libhardware7i.a(ipcfifoTGDS.o) (DeInitWIFI)
c:/toolchain_generic/6.2_2016q4/arm-eabi/lib/newlib-nano-2.1-nds/\libhardware7i.a(card.twl.o)
                              c:/toolchain_generic/6.2_2016q4/arm-eabi/lib/newlib-nano-2.1-nds/\libtoolchaingen7i.a(utilsTGDS.o) (twlEnableSlot1)
c:/toolchain_generic/6.2_2016q4/arm-eabi/lib/newlib-nano-2.1-nds/\libhardware7i.a(codec.twl.o)
                              c:/toolchain_generic/6.2_2016q4/arm-eabi/lib/newlib-nano-2.1-nds/\libhardware7i.a(spitscTGDS.o) (cdcTouchInit)
c:/toolchain_generic/6.2_2016q4/arm-eabi/lib/newlib-nano-2.1-nds/\libhardware7i.a(i2c.twl.o)
                              c:/toolchain_generic/6.2_2016q4/arm-eabi/lib/newlib-nano-2.1-nds/\libtoolchaingen7i.a(utilsTGDS.o) (i2cWriteRegister)
c:/toolchain_generic/6.2_2016q4/arm-eabi/lib/newlib-nano-2.1-nds/\libhardware7i.a(wifi_arm7.o)
                              c:/toolchain_generic/6.2_2016q4/arm-eabi/lib/newlib-nano-2.1-nds/\libhardware7i.a(eventsTGDS.o) (SetLedState)
[...]
Memory Configuration

Name             Origin             Length             Attributes
IWRAMBOOTCODE    0x06020000         0x00018000         xrw
*default*        0x00000000         0xffffffff

Linker script and memory map

                0x06020000                _iwram_start = ORIGIN (IWRAMBOOTCODE)
                0x06038000                _iwram_end = (ORIGIN (IWRAMBOOTCODE) + 0x18000)
                0x03fffff8                _arm7_irqcheckbits = 0x3fffff8
                0x03fffffc                _arm7_irqhandler = 0x3fffffc
                0x0603fe00                sp_SVC = 0x603fe00
                0x0603fc00                sp_IRQ = (sp_SVC - 0x200)
                0x0603fa00                sp_FIQ = (sp_IRQ - 0x200)
                0x0603f800                sp_ABT = (sp_FIQ - 0x200)
                0x0603f600                sp_UND = (sp_ABT - 0x200)
                0x0603f400                sp_USR = (sp_UND - 0x200)
                0x0603f400                sp_SYS = sp_USR

.init           0x06020000      0x1fc
                0x06020000                __init_start__ = .
 *(.init*)
 .init          0x06020000      0x1e0 ./build/nds_arm_ld_crt0.o
                0x06020000                _start
                0x060200a8                argvIntraTGDSMB
 .init          0x060201e0        0xc c:/toolchain_generic/6.2_2016q4/bin/../lib/gcc/arm-eabi/4.9.2/crti.o
                0x060201e0                _init
 .init_array    0x060201ec        0x4 c:/toolchain_generic/6.2_2016q4/bin/../lib/gcc/arm-eabi/4.9.2/crtbegin.o
 .init          0x060201f0        0xc c:/toolchain_generic/6.2_2016q4/bin/../lib/gcc/arm-eabi/4.9.2/crtn.o
                0x060201fc                . = ALIGN (0x4)
                0x060201fc                __init_end__ = .
                0x060201fc                __preinit_array_start__ = .

.preinit_array  0x060201fc        0x0
 *(.preinit_array*)
                0x060201fc                . = ALIGN (0x4)
                0x060201fc                __preinit_array_end__ = .
                0x060201fc                __init_array_start__ = .

.init_array     0x060201fc        0x0
 *(.init_array*)
                0x060201fc                . = ALIGN (0x4)
                0x060201fc                init_array_end__ = .
                0x060201fc                __fini_array_start__ = .

.fini_array     0x060201fc        0x4
 *(.fini_array*)
 .fini_array    0x060201fc        0x4 c:/toolchain_generic/6.2_2016q4/bin/../lib/gcc/arm-eabi/4.9.2/crtbegin.o
                0x06020200                . = ALIGN (0x4)
                0x06020200                __fini_array_end__ = .
                0x06020200                __text_start__ = .

.text           0x06020200    0x10af8
 *(.text)
 .text          0x06020200        0x0 ./build/nds_arm_ld_crt0.o
 .text          0x06020200        0x0 c:/toolchain_generic/6.2_2016q4/bin/../lib/gcc/arm-eabi/4.9.2/crti.o
 .text          0x06020200      0x108 c:/toolchain_generic/6.2_2016q4/bin/../lib/gcc/arm-eabi/4.9.2/crtbegin.o
 .text          0x06020308       0x94 build/main.o
                0x06020308                main
 .text          0x0602039c       0x58 build/diskio_impl.o
                0x0602039c                disk_initialize
                0x060203a4                disk_readp
 .text          0x060203f4     0x1424 build/pff.o
                0x06020430                mem_set
                0x06020450                mem_cmp
                0x060205e8                clust2sect
                0x06020618                dir_rewind
                0x060206ac                dir_next
                0x06020808                dir_find
                0x0602092c                create_name
                0x06020abc                follow_path
                0x06020c04                check_fs
                0x06020d90                pf_mount
                0x060211f0                pf_open
                0x06021304                pf_read
                0x060215a0                pf_size
                0x060215b4                pf_tell
                0x060215c8                pf_lseek
 .text          0x06021818       0x40 build/Interrupts_app7.o
                0x06021818                IpcSynchandlerUser
                0x0602181c                Timer0handlerUser
                0x06021820                Timer1handlerUser
                0x06021824                Timer2handlerUser
                0x06021828                Timer3handlerUser
                0x0602182c                HblankUser
                0x06021830                VblankUser
                0x06021834                VcounterUser
                0x06021838                screenLidHasOpenedhandlerUser
                0x06021848                screenLidHasClosedhandlerUser
 .text          0x06021858        0x0 build/dswnifi.o
 .text          0x06021858       0x30 build/ipcfifoTGDSUser.o
                0x06021858                getsIPCSharedTGDSSpecific
                0x06021864                HandleFifoNotEmptyWeakRef
                0x06021884                HandleFifoEmptyWeakRef
 .text          0x06021888       0xf0 build/loader.o
                0x06021888                reloadNDSBootstub
 .text          0x06021978        0x0 c:/toolchain_generic/6.2_2016q4/arm-eabi/lib/newlib-nano-2.1-nds/\libtoolchaingen7i.a(biosTGDSC.o)
 .text          0x06021978        0x0 c:/toolchain_generic/6.2_2016q4/arm-eabi/lib/newlib-nano-2.1-nds/\libtoolchaingen7i.a(exceptionTGDS.o)
 .text          0x06021978        0x0 c:/toolchain_generic/6.2_2016q4/arm-eabi/lib/newlib-nano-2.1-nds/\libtoolchaingen7i.a(initNDSTGDS.o)
 .text          0x06021978        0x0 c:/toolchain_generic/6.2_2016q4/arm-eabi/lib/newlib-nano-2.1-nds/\libtoolchaingen7i.a(posixHandleTGDS.o)
 .text          0x06021978        0x0 c:/toolchain_generic/6.2_2016q4/arm-eabi/lib/newlib-nano-2.1-nds/\libtoolchaingen7i.a(utilsTGDS.o)
 *fill*         0x06021978        0x8 ff
 .text          0x06021980       0xd0 c:/toolchain_generic/6.2_2016q4/arm-eabi/lib/newlib-nano-2.1-nds/\libtoolchaingen7i.a(biosTGDSAsm.o)
                0x06021980                swiDelay
                0x06021988                swiCRC16
                0x06021990                swiSleep
                0x06021998                swiIsDebugger
                0x060219a0                swiDivide
                0x060219a8                swiRemainder
                0x060219b4                swiDivMod
                0x060219cc                swiSqrt
                0x060219d4                swiHalt
                0x060219dc                swiGetSineTable
                0x060219e4                swiGetPitchTable
                0x060219ec                swiGetVolumeTable
                0x060219f4                swiSetHaltCR
                0x06021a00                swiChangeSoundBias
                0x06021a08                swiSoftReset
                0x06021a14                swiSoftResetByAddress
                0x06021a30                swiDecompressLZSSWram
                0x06021a38                swiDecompressLZSSVramByCallback
 .text          0x06021a50      0x124 c:/toolchain_generic/6.2_2016q4/arm-eabi/lib/newlib-nano-2.1-nds/\libtoolchaingen7i.a(exceptionTGDSasm.o)
                0x06021a50                DebugException
                0x06021ad0                CustomDebugException
                0x06021b54                LeaveExceptionMode
 *fill*         0x06021b74        0xc ff
 .text          0x06021b80       0x10 c:/toolchain_generic/6.2_2016q4/arm-eabi/lib/newlib-nano-2.1-nds/\libtoolchaingen7i.a(InterruptsARMCores_s.o)
                0x06021b80                IRQWait
                0x06021b88                IRQVBlankWait
 .text          0x06021b90        0x0 c:/toolchain_generic/6.2_2016q4/arm-eabi/lib/newlib-nano-2.1-nds/\libtoolchaingen7i.a(soundTGDS.o)
 .text          0x06021b90        0x0 c:/toolchain_generic/6.2_2016q4/arm-eabi/lib/newlib-nano-2.1-nds/\libtoolchaingen7i.a(xmem.o)
 .text          0x06021b90        0x0 c:/toolchain_generic/6.2_2016q4/arm-eabi/lib/newlib-nano-2.1-nds/\libhardware7i.a(eventsTGDS.o)
 .text          0x06021b90        0x0 c:/toolchain_generic/6.2_2016q4/arm-eabi/lib/newlib-nano-2.1-nds/\libhardware7i.a(ipcfifoTGDS.o)
 .text          0x06021b90        0x0 c:/toolchain_generic/6.2_2016q4/arm-eabi/lib/newlib-nano-2.1-nds/\libhardware7i.a(powerTGDS.o)
 .text          0x06021b90        0x0 c:/toolchain_generic/6.2_2016q4/arm-eabi/lib/newlib-nano-2.1-nds/\libhardware7i.a(spiTGDS.o)
 .text          0x06021b90        0x0 c:/toolchain_generic/6.2_2016q4/arm-eabi/lib/newlib-nano-2.1-nds/\libhardware7i.a(spifwTGDS.o)
 .text          0x06021b90        0x0 c:/toolchain_generic/6.2_2016q4/arm-eabi/lib/newlib-nano-2.1-nds/\libhardware7i.a(spitscTGDS.o)
 .text          0x06021b90        0x0 c:/toolchain_generic/6.2_2016q4/arm-eabi/lib/newlib-nano-2.1-nds/\libhardware7i.a(usrsettingsTGDS.o)
 .text          0x06021b90        0x0 c:/toolchain_generic/6.2_2016q4/arm-eabi/lib/newlib-nano-2.1-nds/\libhardware7i.a(utils.twl.o)
 .text          0x06021b90        0x0 c:/toolchain_generic/6.2_2016q4/arm-eabi/lib/newlib-nano-2.1-nds/\libhardware7i.a(wifi_shared.o)
 .text          0x06021b90        0x0 c:/toolchain_generic/6.2_2016q4/arm-eabi/lib/newlib-nano-2.1-nds/\libhardware7i.a(card.twl.o)
 .text          0x06021b90        0x0 c:/toolchain_generic/6.2_2016q4/arm-eabi/lib/newlib-nano-2.1-nds/\libhardware7i.a(codec.twl.o)
 .text          0x06021b90        0x0 c:/toolchain_generic/6.2_2016q4/arm-eabi/lib/newlib-nano-2.1-nds/\libhardware7i.a(i2c.twl.o)
 .text          0x06021b90        0x0 c:/toolchain_generic/6.2_2016q4/arm-eabi/lib/newlib-nano-2.1-nds/\libhardware7i.a(wifi_arm7.o)
 .text          0x06021b90       0x5c c:/toolchain_generic/6.2_2016q4/arm-eabi/lib/newlib-nano-2.1-nds/\libhardware7i.a(spinlockTGDS.o)
                0x06021b90                SLasm_Acquire
                0x06021bc4                SLasm_Release
 .text          0x06021bec        0x0 c:/toolchain_generic/6.2_2016q4/arm-eabi/lib/newlib-nano-2.1-nds/\libhardware7i.a(InterruptsARMCores_c.o)
 .text          0x06021bec        0x0 c:/toolchain_generic/6.2_2016q4/arm-eabi/lib/newlib-nano-2.1-nds/\libhardware7i.a(dldi.o)
 .text          0x06021bec        0x0 c:/toolchain_generic/6.2_2016q4/arm-eabi/lib/newlib-nano-2.1-nds/\libhardware7i.a(clockTGDS.o)
 .text          0x06021bec        0x0 c:/toolchain_generic/6.2_2016q4/arm-eabi/lib/newlib-nano-2.1-nds/\libhardware7i.a(dmaTGDS.o)
 .text          0x06021bec        0x0 c:/toolchain_generic/6.2_2016q4/arm-eabi/lib/newlib-nano-2.1-nds/\libhardware7i.a(sdmmc.twl.o)
 .text          0x06021bec       0xa4 c:/toolchain_generic/6.2_2016q4/arm-eabi/lib/newlib-nano-2.1-nds/\libhardware7i.a(debugNocash.o)
                0x06021bec                nocashWrite
                0x06021bee                nocashMessage
 .text          0x06021c90        0x0 c:/toolchain_generic/6.2_2016q4/arm-eabi/lib/newlib-nano-2.1-nds/\libcnano7.a(__aeabi_idiv.o)
 .text          0x06021c90        0x0 c:/toolchain_generic/6.2_2016q4/arm-eabi/lib/newlib-nano-2.1-nds/\libcnano7.a(__aeabi_uidiv.o)
 .text          0x06021c90        0x0 c:/toolchain_generic/6.2_2016q4/arm-eabi/lib/newlib-nano-2.1-nds/\libcnano7.a(__udivmodsi4.o)
 .text          0x06021c90        0x0 c:/toolchain_generic/6.2_2016q4/arm-eabi/lib/newlib-nano-2.1-nds/\libcnano7.a(memcmp.o)
 .text          0x06021c90        0x0 c:/toolchain_generic/6.2_2016q4/arm-eabi/lib/newlib-nano-2.1-nds/\libcnano7.a(memset.o)
 .text          0x06021c90        0x0 c:/toolchain_generic/6.2_2016q4/arm-eabi/lib/newlib-nano-2.1-nds/\libcnano7.a(strcat.o)
 .text          0x06021c90        0x0 c:/toolchain_generic/6.2_2016q4/arm-eabi/lib/newlib-nano-2.1-nds/\libcnano7.a(strlen.o)
 .text          0x06021c90       0x40 c:/toolchain_generic/6.2_2016q4/arm-eabi/lib/newlib-nano-2.1-nds/\libcnano7.a(_clangmem.o)
                0x06021c90                __aeabi_memset4
                0x06021c90                __aeabi_memset8
                0x06021c90                __aeabi_memset
                0x06021ca0                __aeabi_memclr
                0x06021ca0                __aeabi_memclr4
                0x06021ca0                __aeabi_memclr8
                0x06021cb0                __aeabi_memcpy8
                0x06021cb0                __aeabi_memcpy
                0x06021cb0                __aeabi_memcpy4
                0x06021cc0                __aeabi_memmove8
                0x06021cc0                __aeabi_memmove4
                0x06021cc0                __aeabi_memmove
 .text          0x06021cd0      0x48c c:/toolchain_generic/6.2_2016q4/arm-eabi/lib/newlib-nano-2.1-nds/\libcnano7.a(arm-asm-memcpy.o)
                0x06021cd0                memcpy
 .text          0x0602215c        0x0 c:/toolchain_generic/6.2_2016q4/arm-eabi/lib/newlib-nano-2.1-nds/\libcnano7.a(memmove.o)
 .text          0x0602215c        0x0 c:/toolchain_generic/6.2_2016q4/bin/../lib/gcc/arm-eabi/4.9.2/crtend.o
 .text          0x0602215c        0x0 c:/toolchain_generic/6.2_2016q4/bin/../lib/gcc/arm-eabi/4.9.2/crtn.o
 *(.text*)
 .text.swiFastCopy
                0x0602215c       0xe4 c:/toolchain_generic/6.2_2016q4/arm-eabi/lib/newlib-nano-2.1-nds/\libtoolchaingen7i.a(biosTGDSC.o)
                0x0602215c                swiFastCopy
 .text.handleARM7InitSVC
                0x06022240        0x4 c:/toolchain_generic/6.2_2016q4/arm-eabi/lib/newlib-nano-2.1-nds/\libtoolchaingen7i.a(biosTGDSC.o)
                0x06022240                handleARM7InitSVC
 .text.handleARM7SVC
                0x06022244       0x54 c:/toolchain_generic/6.2_2016q4/arm-eabi/lib/newlib-nano-2.1-nds/\libtoolchaingen7i.a(biosTGDSC.o)
                0x06022244                handleARM7SVC
 .text.setupDefaultExceptionHandler
                0x06022298       0x1c c:/toolchain_generic/6.2_2016q4/arm-eabi/lib/newlib-nano-2.1-nds/\libtoolchaingen7i.a(exceptionTGDS.o)
                0x06022298                setupDefaultExceptionHandler
 .text.setupCustomExceptionHandler
                0x060222b4       0x2c c:/toolchain_generic/6.2_2016q4/arm-eabi/lib/newlib-nano-2.1-nds/\libtoolchaingen7i.a(exceptionTGDS.o)
                0x060222b4                setupCustomExceptionHandler
 .text.exception_sysexit
                0x060222e0       0x64 c:/toolchain_generic/6.2_2016q4/arm-eabi/lib/newlib-nano-2.1-nds/\libtoolchaingen7i.a(exceptionTGDS.o)
                0x060222e0                exception_sysexit
 .text.generalARMExceptionHandler
                0x06022344       0x5c c:/toolchain_generic/6.2_2016q4/arm-eabi/lib/newlib-nano-2.1-nds/\libtoolchaingen7i.a(exceptionTGDS.o)
                0x06022344                generalARMExceptionHandler
 .text.resetMemory_ARMCores
                0x060223a0      0x110 c:/toolchain_generic/6.2_2016q4/arm-eabi/lib/newlib-nano-2.1-nds/\libtoolchaingen7i.a(initNDSTGDS.o)
                0x060223a0                resetMemory_ARMCores
 .text.initHardware
                0x060224b0       0xf4 c:/toolchain_generic/6.2_2016q4/arm-eabi/lib/newlib-nano-2.1-nds/\libtoolchaingen7i.a(initNDSTGDS.o)
                0x060224b0                initHardware
 .text.get_iwram_start
                0x060225a4       0x10 c:/toolchain_generic/6.2_2016q4/arm-eabi/lib/newlib-nano-2.1-nds/\libtoolchaingen7i.a(posixHandleTGDS.o)
                0x060225a4                get_iwram_start
 .text.get_iwram_size
                0x060225b4       0x20 c:/toolchain_generic/6.2_2016q4/arm-eabi/lib/newlib-nano-2.1-nds/\libtoolchaingen7i.a(posixHandleTGDS.o)
                0x060225b4                get_iwram_size
 .text.get_iwram_end
                0x060225d4       0x10 c:/toolchain_generic/6.2_2016q4/arm-eabi/lib/newlib-nano-2.1-nds/\libtoolchaingen7i.a(posixHandleTGDS.o)
                0x060225d4                get_iwram_end
 .text.get_lma_libend
                0x060225e4       0x10 c:/toolchain_generic/6.2_2016q4/arm-eabi/lib/newlib-nano-2.1-nds/\libtoolchaingen7i.a(posixHandleTGDS.o)
                0x060225e4                get_lma_libend
 .text.get_lma_wramend
                0x060225f4       0x10 c:/toolchain_generic/6.2_2016q4/arm-eabi/lib/newlib-nano-2.1-nds/\libtoolchaingen7i.a(posixHandleTGDS.o)
                0x060225f4                get_lma_wramend
 .text.printf7  0x06022604       0xd0 c:/toolchain_generic/6.2_2016q4/arm-eabi/lib/newlib-nano-2.1-nds/\libtoolchaingen7i.a(posixHandleTGDS.o)
                0x06022604                printf7
 .text.writeDebugBuffer7
                0x060226d4       0xbc c:/toolchain_generic/6.2_2016q4/arm-eabi/lib/newlib-nano-2.1-nds/\libtoolchaingen7i.a(posixHandleTGDS.o)
                0x060226d4                writeDebugBuffer7
 .text.setTGDSARM7MallocBaseAddress
                0x06022790       0x24 c:/toolchain_generic/6.2_2016q4/arm-eabi/lib/newlib-nano-2.1-nds/\libtoolchaingen7i.a(posixHandleTGDS.o)
                0x06022790                setTGDSARM7MallocBaseAddress
 .text.getTGDSARM7MallocBaseAddress
                0x060227b4       0x14 c:/toolchain_generic/6.2_2016q4/arm-eabi/lib/newlib-nano-2.1-nds/\libtoolchaingen7i.a(posixHandleTGDS.o)
                0x060227b4                getTGDSARM7MallocBaseAddress
 .text.initARM7Malloc
                0x060227c8       0x94 c:/toolchain_generic/6.2_2016q4/arm-eabi/lib/newlib-nano-2.1-nds/\libtoolchaingen7i.a(posixHandleTGDS.o)
                0x060227c8                initARM7Malloc
 .text.reportTGDSPayloadMode
                0x0602285c       0x90 c:/toolchain_generic/6.2_2016q4/arm-eabi/lib/newlib-nano-2.1-nds/\libtoolchaingen7i.a(utilsTGDS.o)
                0x0602285c                reportTGDSPayloadMode
 .text.isDSiMode
                0x060228ec       0x14 c:/toolchain_generic/6.2_2016q4/arm-eabi/lib/newlib-nano-2.1-nds/\libtoolchaingen7i.a(utilsTGDS.o)
                0x060228ec                isDSiMode
 .text.ucs2tombs
                0x06022900      0x1d4 c:/toolchain_generic/6.2_2016q4/arm-eabi/lib/newlib-nano-2.1-nds/\libtoolchaingen7i.a(utilsTGDS.o)
                0x06022900                ucs2tombs
 .text.shutdownNDSHardware
                0x06022ad4       0x2c c:/toolchain_generic/6.2_2016q4/arm-eabi/lib/newlib-nano-2.1-nds/\libtoolchaingen7i.a(utilsTGDS.o)
                0x06022ad4                shutdownNDSHardware
 .text.setBacklight
                0x06022b00       0x34 c:/toolchain_generic/6.2_2016q4/arm-eabi/lib/newlib-nano-2.1-nds/\libtoolchaingen7i.a(utilsTGDS.o)
                0x06022b00                setBacklight
 .text.getValueSafe
                0x06022b34       0x18 c:/toolchain_generic/6.2_2016q4/arm-eabi/lib/newlib-nano-2.1-nds/\libtoolchaingen7i.a(utilsTGDS.o)
                0x06022b34                getValueSafe
 .text.setValueSafe
                0x06022b4c       0x20 c:/toolchain_generic/6.2_2016q4/arm-eabi/lib/newlib-nano-2.1-nds/\libtoolchaingen7i.a(utilsTGDS.o)
                0x06022b4c                setValueSafe
 .text.getValueSafeInt
                0x06022b6c       0x18 c:/toolchain_generic/6.2_2016q4/arm-eabi/lib/newlib-nano-2.1-nds/\libtoolchaingen7i.a(utilsTGDS.o)
                0x06022b6c                getValueSafeInt
 .text.setValueSafeInt
                0x06022b84       0x20 c:/toolchain_generic/6.2_2016q4/arm-eabi/lib/newlib-nano-2.1-nds/\libtoolchaingen7i.a(utilsTGDS.o)
                0x06022b84                setValueSafeInt
 .text.enableSlot1
                0x06022ba4       0x1c c:/toolchain_generic/6.2_2016q4/arm-eabi/lib/newlib-nano-2.1-nds/\libtoolchaingen7i.a(utilsTGDS.o)
                0x06022ba4                enableSlot1
 .text.disableSlot1
                0x06022bc0       0x1c c:/toolchain_generic/6.2_2016q4/arm-eabi/lib/newlib-nano-2.1-nds/\libtoolchaingen7i.a(utilsTGDS.o)
                0x06022bc0                disableSlot1
 .text.systemSleep
                0x06022bdc        0x4 c:/toolchain_generic/6.2_2016q4/arm-eabi/lib/newlib-nano-2.1-nds/\libtoolchaingen7i.a(utilsTGDS.o)
                0x06022bdc                systemSleep
 .text.sleepEnabled
                0x06022be0        0x8 c:/toolchain_generic/6.2_2016q4/arm-eabi/lib/newlib-nano-2.1-nds/\libtoolchaingen7i.a(utilsTGDS.o)
                0x06022be0                sleepEnabled
 .text.initSound
                0x06022be8        0x8 c:/toolchain_generic/6.2_2016q4/arm-eabi/lib/newlib-nano-2.1-nds/\libtoolchaingen7i.a(soundTGDS.o)
                0x06022be8                initSound
 .text.startSoundSample
                0x06022bf0       0xe8 c:/toolchain_generic/6.2_2016q4/arm-eabi/lib/newlib-nano-2.1-nds/\libtoolchaingen7i.a(soundTGDS.o)
                0x06022bf0                startSoundSample
 .text.getsoundSampleContextByIndex
                0x06022cd8       0x20 c:/toolchain_generic/6.2_2016q4/arm-eabi/lib/newlib-nano-2.1-nds/\libtoolchaingen7i.a(soundTGDS.o)
                0x06022cd8                getsoundSampleContextByIndex
 .text.initSoundSampleContext
                0x06022cf8       0x84 c:/toolchain_generic/6.2_2016q4/arm-eabi/lib/newlib-nano-2.1-nds/\libtoolchaingen7i.a(soundTGDS.o)
                0x06022cf8                initSoundSampleContext
 .text.freesoundSampleContext
                0x06022d7c       0x60 c:/toolchain_generic/6.2_2016q4/arm-eabi/lib/newlib-nano-2.1-nds/\libtoolchaingen7i.a(soundTGDS.o)
                0x06022d7c                freesoundSampleContext
 .text.EnableSoundSampleContext
                0x06022ddc       0x14 c:/toolchain_generic/6.2_2016q4/arm-eabi/lib/newlib-nano-2.1-nds/\libtoolchaingen7i.a(soundTGDS.o)
                0x06022ddc                EnableSoundSampleContext
 .text.getFreeSoundSampleContext
                0x06022df0       0x38 c:/toolchain_generic/6.2_2016q4/arm-eabi/lib/newlib-nano-2.1-nds/\libtoolchaingen7i.a(soundTGDS.o)
                0x06022df0                getFreeSoundSampleContext
 .text.DisableSoundSampleContext
                0x06022e28       0x18 c:/toolchain_generic/6.2_2016q4/arm-eabi/lib/newlib-nano-2.1-nds/\libtoolchaingen7i.a(soundTGDS.o)
                0x06022e28                DisableSoundSampleContext
 .text.mallocData
                0x06022e40      0x12c c:/toolchain_generic/6.2_2016q4/arm-eabi/lib/newlib-nano-2.1-nds/\libtoolchaingen7i.a(soundTGDS.o)
                0x06022e40                mallocData
 .text.freeData
                0x06022f6c        0x4 c:/toolchain_generic/6.2_2016q4/arm-eabi/lib/newlib-nano-2.1-nds/\libtoolchaingen7i.a(soundTGDS.o)
                0x06022f6c                freeData
 .text.setSwapChannel
                0x06022f70      0x124 c:/toolchain_generic/6.2_2016q4/arm-eabi/lib/newlib-nano-2.1-nds/\libtoolchaingen7i.a(soundTGDS.o)
                0x06022f70                setSwapChannel
 .text.setupSound
                0x06023094      0x244 c:/toolchain_generic/6.2_2016q4/arm-eabi/lib/newlib-nano-2.1-nds/\libtoolchaingen7i.a(soundTGDS.o)
                0x06023094                setupSound
 .text.stopSound
                0x060232d8       0x80 c:/toolchain_generic/6.2_2016q4/arm-eabi/lib/newlib-nano-2.1-nds/\libtoolchaingen7i.a(soundTGDS.o)
                0x060232d8                stopSound
 .text.updateSoundContextSamplePlayback
                0x06023358      0x140 c:/toolchain_generic/6.2_2016q4/arm-eabi/lib/newlib-nano-2.1-nds/\libtoolchaingen7i.a(soundTGDS.o)
                0x06023358                updateSoundContextSamplePlayback
 .text.TIMER1Handler
                0x06023498       0x1c c:/toolchain_generic/6.2_2016q4/arm-eabi/lib/newlib-nano-2.1-nds/\libtoolchaingen7i.a(soundTGDS.o)
                0x06023498                TIMER1Handler
 .text.XmemSetup
                0x060234b4       0x24 c:/toolchain_generic/6.2_2016q4/arm-eabi/lib/newlib-nano-2.1-nds/\libtoolchaingen7i.a(xmem.o)
                0x060234b4                XmemSetup
 .text.XmemInit
                0x060234d8      0x188 c:/toolchain_generic/6.2_2016q4/arm-eabi/lib/newlib-nano-2.1-nds/\libtoolchaingen7i.a(xmem.o)
                0x060234d8                XmemInit
 .text.Xmalloc  0x06023660      0x284 c:/toolchain_generic/6.2_2016q4/arm-eabi/lib/newlib-nano-2.1-nds/\libtoolchaingen7i.a(xmem.o)
                0x06023660                Xmalloc
 .text.XMEM_FreeMem
                0x060238e4       0x9c c:/toolchain_generic/6.2_2016q4/arm-eabi/lib/newlib-nano-2.1-nds/\libtoolchaingen7i.a(xmem.o)
                0x060238e4                XMEM_FreeMem
 .text.Xcalloc  0x06023980       0xd0 c:/toolchain_generic/6.2_2016q4/arm-eabi/lib/newlib-nano-2.1-nds/\libtoolchaingen7i.a(xmem.o)
                0x06023980                Xcalloc
 .text.Xfree    0x06023a50      0x170 c:/toolchain_generic/6.2_2016q4/arm-eabi/lib/newlib-nano-2.1-nds/\libtoolchaingen7i.a(xmem.o)
                0x06023a50                Xfree
 .text.getTurnOffScreensTimeout
                0x06023bc0       0x10 c:/toolchain_generic/6.2_2016q4/arm-eabi/lib/newlib-nano-2.1-nds/\libhardware7i.a(eventsTGDS.o)
                0x06023bc0                getTurnOffScreensTimeout
 .text.enableTGDSEventHandling
                0x06023bd0       0x14 c:/toolchain_generic/6.2_2016q4/arm-eabi/lib/newlib-nano-2.1-nds/\libhardware7i.a(eventsTGDS.o)
                0x06023bd0                enableTGDSEventHandling
 .text.TGDSSetEvent
                0x06023be4       0x10 c:/toolchain_generic/6.2_2016q4/arm-eabi/lib/newlib-nano-2.1-nds/\libhardware7i.a(eventsTGDS.o)
                0x06023be4                TGDSSetEvent
 .text.disableTGDSEventHandling
                0x06023bf4       0x14 c:/toolchain_generic/6.2_2016q4/arm-eabi/lib/newlib-nano-2.1-nds/\libhardware7i.a(eventsTGDS.o)
                0x06023bf4                disableTGDSEventHandling
 .text.setTurnOffScreensTimeout
                0x06023c08       0x10 c:/toolchain_generic/6.2_2016q4/arm-eabi/lib/newlib-nano-2.1-nds/\libhardware7i.a(eventsTGDS.o)
                0x06023c08                setTurnOffScreensTimeout
 .text.TurnOnScreens
                0x06023c18       0x38 c:/toolchain_generic/6.2_2016q4/arm-eabi/lib/newlib-nano-2.1-nds/\libhardware7i.a(eventsTGDS.o)
                0x06023c18                TurnOnScreens
 .text.TurnOffScreens
                0x06023c50       0x1c c:/toolchain_generic/6.2_2016q4/arm-eabi/lib/newlib-nano-2.1-nds/\libhardware7i.a(eventsTGDS.o)
                0x06023c50                TurnOffScreens
 .text.setAndEnableSleepModeInSeconds
                0x06023c6c       0x48 c:/toolchain_generic/6.2_2016q4/arm-eabi/lib/newlib-nano-2.1-nds/\libhardware7i.a(eventsTGDS.o)
                0x06023c6c                setAndEnableSleepModeInSeconds
 .text.enableSleepMode
                0x06023cb4       0x14 c:/toolchain_generic/6.2_2016q4/arm-eabi/lib/newlib-nano-2.1-nds/\libhardware7i.a(eventsTGDS.o)
                0x06023cb4                enableSleepMode
 .text.disableSleepMode
                0x06023cc8       0x44 c:/toolchain_generic/6.2_2016q4/arm-eabi/lib/newlib-nano-2.1-nds/\libhardware7i.a(eventsTGDS.o)
                0x06023cc8                disableSleepMode
 .text.fifoCheckDatamsgLength
                0x06023d0c       0x5c c:/toolchain_generic/6.2_2016q4/arm-eabi/lib/newlib-nano-2.1-nds/\libhardware7i.a(ipcfifoTGDS.o)
 .text.Write8bitAddrExtArm
                0x06023d68       0x24 c:/toolchain_generic/6.2_2016q4/arm-eabi/lib/newlib-nano-2.1-nds/\libhardware7i.a(ipcfifoTGDS.o)
                0x06023d68                Write8bitAddrExtArm
 .text.Write16bitAddrExtArm
                0x06023d8c       0x24 c:/toolchain_generic/6.2_2016q4/arm-eabi/lib/newlib-nano-2.1-nds/\libhardware7i.a(ipcfifoTGDS.o)
                0x06023d8c                Write16bitAddrExtArm
 .text.Write32bitAddrExtArm
                0x06023db0       0x24 c:/toolchain_generic/6.2_2016q4/arm-eabi/lib/newlib-nano-2.1-nds/\libhardware7i.a(ipcfifoTGDS.o)
                0x06023db0                Write32bitAddrExtArm
 .text.SendFIFOWords
                0x06023dd4        0xc c:/toolchain_generic/6.2_2016q4/arm-eabi/lib/newlib-nano-2.1-nds/\libhardware7i.a(ipcfifoTGDS.o)
                0x06023dd4                SendFIFOWords
 .text.HandleFifoEmpty
                0x06023de0       0x18 c:/toolchain_generic/6.2_2016q4/arm-eabi/lib/newlib-nano-2.1-nds/\libhardware7i.a(ipcfifoTGDS.o)
                0x06023de0                HandleFifoEmpty
 .text.HandleFifoNotEmpty
                0x06023df8     0x1220 c:/toolchain_generic/6.2_2016q4/arm-eabi/lib/newlib-nano-2.1-nds/\libhardware7i.a(ipcfifoTGDS.o)
                0x06023df8                HandleFifoNotEmpty
 .text.readTSC  0x06025018       0xb8 c:/toolchain_generic/6.2_2016q4/arm-eabi/lib/newlib-nano-2.1-nds/\libhardware7i.a(ipcfifoTGDS.o)
                0x06025018                readTSC
 .text.XYReadScrPos
                0x060250d0      0x1d0 c:/toolchain_generic/6.2_2016q4/arm-eabi/lib/newlib-nano-2.1-nds/\libhardware7i.a(ipcfifoTGDS.o)
                0x060250d0                XYReadScrPos
 .text.XYReadScrPosUser
                0x060252a0       0x48 c:/toolchain_generic/6.2_2016q4/arm-eabi/lib/newlib-nano-2.1-nds/\libhardware7i.a(ipcfifoTGDS.o)
                0x060252a0                XYReadScrPosUser
 .text.ReadMemoryExt
                0x060252e8       0xac c:/toolchain_generic/6.2_2016q4/arm-eabi/lib/newlib-nano-2.1-nds/\libhardware7i.a(ipcfifoTGDS.o)
                0x060252e8                ReadMemoryExt
 .text.SaveMemoryExt
                0x06025394       0x88 c:/toolchain_generic/6.2_2016q4/arm-eabi/lib/newlib-nano-2.1-nds/\libhardware7i.a(ipcfifoTGDS.o)
                0x06025394                SaveMemoryExt
 .text.ReadFirmwareARM7Ext
                0x0602541c       0x68 c:/toolchain_generic/6.2_2016q4/arm-eabi/lib/newlib-nano-2.1-nds/\libhardware7i.a(ipcfifoTGDS.o)
                0x0602541c                ReadFirmwareARM7Ext
 .text.powerON  0x06025484       0x20 c:/toolchain_generic/6.2_2016q4/arm-eabi/lib/newlib-nano-2.1-nds/\libhardware7i.a(powerTGDS.o)
                0x06025484                powerON
 .text.powerOFF
                0x060254a4       0x18 c:/toolchain_generic/6.2_2016q4/arm-eabi/lib/newlib-nano-2.1-nds/\libhardware7i.a(powerTGDS.o)
                0x060254a4                powerOFF
 .text.SoundPowerON
                0x060254bc       0x50 c:/toolchain_generic/6.2_2016q4/arm-eabi/lib/newlib-nano-2.1-nds/\libhardware7i.a(powerTGDS.o)
                0x060254bc                SoundPowerON
 .text.RWSPICNT
                0x0602550c       0x2c c:/toolchain_generic/6.2_2016q4/arm-eabi/lib/newlib-nano-2.1-nds/\libhardware7i.a(spiTGDS.o)
                0x0602550c                RWSPICNT
 .text.SPICSHIGH
                0x06025538       0x14 c:/toolchain_generic/6.2_2016q4/arm-eabi/lib/newlib-nano-2.1-nds/\libhardware7i.a(spiTGDS.o)
                0x06025538                SPICSHIGH
 .text.SPIWAITCNT
                0x0602554c       0x18 c:/toolchain_generic/6.2_2016q4/arm-eabi/lib/newlib-nano-2.1-nds/\libhardware7i.a(spiTGDS.o)
                0x0602554c                SPIWAITCNT
 .text.readFirmwareSPI
                0x06025564       0x88 c:/toolchain_generic/6.2_2016q4/arm-eabi/lib/newlib-nano-2.1-nds/\libhardware7i.a(spifwTGDS.o)
                0x06025564                readFirmwareSPI
 .text.PowerManagementDeviceRead
                0x060255ec       0x70 c:/toolchain_generic/6.2_2016q4/arm-eabi/lib/newlib-nano-2.1-nds/\libhardware7i.a(spifwTGDS.o)
                0x060255ec                PowerManagementDeviceRead
 .text.PowerManagementDeviceWrite
                0x0602565c       0x78 c:/toolchain_generic/6.2_2016q4/arm-eabi/lib/newlib-nano-2.1-nds/\libhardware7i.a(spifwTGDS.o)
                0x0602565c                PowerManagementDeviceWrite
 .text.CheckStylus
                0x060256d4      0x1b4 c:/toolchain_generic/6.2_2016q4/arm-eabi/lib/newlib-nano-2.1-nds/\libhardware7i.a(spitscTGDS.o)
                0x060256d4                CheckStylus
 .text.touchRead
                0x06025888       0xf0 c:/toolchain_generic/6.2_2016q4/arm-eabi/lib/newlib-nano-2.1-nds/\libhardware7i.a(spitscTGDS.o)
                0x06025888                touchRead
 .text.touchReadTemperature
                0x06025978      0x1e8 c:/toolchain_generic/6.2_2016q4/arm-eabi/lib/newlib-nano-2.1-nds/\libhardware7i.a(spitscTGDS.o)
                0x06025978                touchReadTemperature
 .text.readTouchValue
                0x06025b60      0x440 c:/toolchain_generic/6.2_2016q4/arm-eabi/lib/newlib-nano-2.1-nds/\libhardware7i.a(spitscTGDS.o)
                0x06025b60                readTouchValue
 .text.UpdateRange
                0x06025fa0       0xc8 c:/toolchain_generic/6.2_2016q4/arm-eabi/lib/newlib-nano-2.1-nds/\libhardware7i.a(spitscTGDS.o)
                0x06025fa0                UpdateRange
 .text.touchPenDown
                0x06026068       0x3c c:/toolchain_generic/6.2_2016q4/arm-eabi/lib/newlib-nano-2.1-nds/\libhardware7i.a(spitscTGDS.o)
                0x06026068                touchPenDown
 .text.touchReadXY
                0x060260a4      0x40c c:/toolchain_generic/6.2_2016q4/arm-eabi/lib/newlib-nano-2.1-nds/\libhardware7i.a(spitscTGDS.o)
                0x060260a4                touchReadXY
 .text.doSPIARM7IO
                0x060264b0       0x1c c:/toolchain_generic/6.2_2016q4/arm-eabi/lib/newlib-nano-2.1-nds/\libhardware7i.a(spitscTGDS.o)
                0x060264b0                doSPIARM7IO
 .text.LoadFirmwareSettingsFromFlash
                0x060264cc      0x140 c:/toolchain_generic/6.2_2016q4/arm-eabi/lib/newlib-nano-2.1-nds/\libhardware7i.a(usrsettingsTGDS.o)
                0x060264cc                LoadFirmwareSettingsFromFlash
 .text.ParseFWSettings
                0x0602660c       0x74 c:/toolchain_generic/6.2_2016q4/arm-eabi/lib/newlib-nano-2.1-nds/\libhardware7i.a(usrsettingsTGDS.o)
                0x0602660c                ParseFWSettings
 .text.getLanguage
                0x06026680       0x14 c:/toolchain_generic/6.2_2016q4/arm-eabi/lib/newlib-nano-2.1-nds/\libhardware7i.a(usrsettingsTGDS.o)
                0x06026680                getLanguage
 .text.cdcIsAvailable
                0x06026694       0x24 c:/toolchain_generic/6.2_2016q4/arm-eabi/lib/newlib-nano-2.1-nds/\libhardware7i.a(utils.twl.o)
                0x06026694                cdcIsAvailable
 .text.DeInitWIFI
                0x060266b8       0x1c c:/toolchain_generic/6.2_2016q4/arm-eabi/lib/newlib-nano-2.1-nds/\libhardware7i.a(wifi_shared.o)
                0x060266b8                DeInitWIFI
 .text.twlEnableSlot1
                0x060266d4       0x98 c:/toolchain_generic/6.2_2016q4/arm-eabi/lib/newlib-nano-2.1-nds/\libhardware7i.a(card.twl.o)
                0x060266d4                twlEnableSlot1
 .text.twlDisableSlot1
                0x0602676c       0xa8 c:/toolchain_generic/6.2_2016q4/arm-eabi/lib/newlib-nano-2.1-nds/\libhardware7i.a(card.twl.o)
                0x0602676c                twlDisableSlot1
 .text.cdcWriteRegMask.constprop.1
                0x06026814      0x130 c:/toolchain_generic/6.2_2016q4/arm-eabi/lib/newlib-nano-2.1-nds/\libhardware7i.a(codec.twl.o)
 .text.cdcReadReg
                0x06026944       0xd8 c:/toolchain_generic/6.2_2016q4/arm-eabi/lib/newlib-nano-2.1-nds/\libhardware7i.a(codec.twl.o)
                0x06026944                cdcReadReg
 .text.cdcReadRegArray
                0x06026a1c      0x128 c:/toolchain_generic/6.2_2016q4/arm-eabi/lib/newlib-nano-2.1-nds/\libhardware7i.a(codec.twl.o)
                0x06026a1c                cdcReadRegArray
 .text.cdcWriteReg
                0x06026b44       0xb8 c:/toolchain_generic/6.2_2016q4/arm-eabi/lib/newlib-nano-2.1-nds/\libhardware7i.a(codec.twl.o)
                0x06026b44                cdcWriteReg
 .text.cdcWriteRegMask
                0x06026bfc      0x128 c:/toolchain_generic/6.2_2016q4/arm-eabi/lib/newlib-nano-2.1-nds/\libhardware7i.a(codec.twl.o)
                0x06026bfc                cdcWriteRegMask
 .text.cdcWriteRegArray
                0x06026d24       0xfc c:/toolchain_generic/6.2_2016q4/arm-eabi/lib/newlib-nano-2.1-nds/\libhardware7i.a(codec.twl.o)
                0x06026d24                cdcWriteRegArray
 .text.cdcTouchInit
                0x06026e20      0x1f0 c:/toolchain_generic/6.2_2016q4/arm-eabi/lib/newlib-nano-2.1-nds/\libhardware7i.a(codec.twl.o)
                0x06026e20                cdcTouchInit
 .text.cdcTouchPenDown
                0x06027010      0x138 c:/toolchain_generic/6.2_2016q4/arm-eabi/lib/newlib-nano-2.1-nds/\libhardware7i.a(codec.twl.o)
                0x06027010                cdcTouchPenDown
 .text.cdcTouchRead
                0x06027148      0x270 c:/toolchain_generic/6.2_2016q4/arm-eabi/lib/newlib-nano-2.1-nds/\libhardware7i.a(codec.twl.o)
                0x06027148                cdcTouchRead
 .text.i2cDelay
                0x060273b8       0x30 c:/toolchain_generic/6.2_2016q4/arm-eabi/lib/newlib-nano-2.1-nds/\libhardware7i.a(i2c.twl.o)
                0x060273b8                i2cDelay
 .text.i2cStop  0x060273e8       0x80 c:/toolchain_generic/6.2_2016q4/arm-eabi/lib/newlib-nano-2.1-nds/\libhardware7i.a(i2c.twl.o)
                0x060273e8                i2cStop
 .text.i2cGetResult
                0x06027468       0x28 c:/toolchain_generic/6.2_2016q4/arm-eabi/lib/newlib-nano-2.1-nds/\libhardware7i.a(i2c.twl.o)
                0x06027468                i2cGetResult
 .text.i2cGetData
                0x06027490       0x20 c:/toolchain_generic/6.2_2016q4/arm-eabi/lib/newlib-nano-2.1-nds/\libhardware7i.a(i2c.twl.o)
                0x06027490                i2cGetData
 .text.i2cSetDelay
                0x060274b0       0x1c c:/toolchain_generic/6.2_2016q4/arm-eabi/lib/newlib-nano-2.1-nds/\libhardware7i.a(i2c.twl.o)
                0x060274b0                i2cSetDelay
 .text.i2cSelectDevice
                0x060274cc       0x48 c:/toolchain_generic/6.2_2016q4/arm-eabi/lib/newlib-nano-2.1-nds/\libhardware7i.a(i2c.twl.o)
                0x060274cc                i2cSelectDevice
 .text.i2cSelectRegister
                0x06027514       0x64 c:/toolchain_generic/6.2_2016q4/arm-eabi/lib/newlib-nano-2.1-nds/\libhardware7i.a(i2c.twl.o)
                0x06027514                i2cSelectRegister
 .text.i2cWriteRegister
                0x06027578      0x130 c:/toolchain_generic/6.2_2016q4/arm-eabi/lib/newlib-nano-2.1-nds/\libhardware7i.a(i2c.twl.o)
                0x06027578                i2cWriteRegister
 .text.i2cReadRegister
                0x060276a8      0x190 c:/toolchain_generic/6.2_2016q4/arm-eabi/lib/newlib-nano-2.1-nds/\libhardware7i.a(i2c.twl.o)
                0x060276a8                i2cReadRegister
 .text.arm7_synctoarm9
                0x06027838       0x18 c:/toolchain_generic/6.2_2016q4/arm-eabi/lib/newlib-nano-2.1-nds/\libhardware7i.a(wifi_arm7.o)
                0x06027838                arm7_synctoarm9
 .text.InitFlashData
                0x06027850       0x20 c:/toolchain_generic/6.2_2016q4/arm-eabi/lib/newlib-nano-2.1-nds/\libhardware7i.a(wifi_arm7.o)
                0x06027850                InitFlashData
 .text.DeInitFlashData
                0x06027870       0x20 c:/toolchain_generic/6.2_2016q4/arm-eabi/lib/newlib-nano-2.1-nds/\libhardware7i.a(wifi_arm7.o)
                0x06027870                DeInitFlashData
 .text.ReadFlashByte
                0x06027890       0x18 c:/toolchain_generic/6.2_2016q4/arm-eabi/lib/newlib-nano-2.1-nds/\libhardware7i.a(wifi_arm7.o)
                0x06027890                ReadFlashByte
 .text.ReadFlashBytes
                0x060278a8       0x64 c:/toolchain_generic/6.2_2016q4/arm-eabi/lib/newlib-nano-2.1-nds/\libhardware7i.a(wifi_arm7.o)
                0x060278a8                ReadFlashBytes
 .text.ReadFlashHWord
                0x0602790c       0x2c c:/toolchain_generic/6.2_2016q4/arm-eabi/lib/newlib-nano-2.1-nds/\libhardware7i.a(wifi_arm7.o)
                0x0602790c                ReadFlashHWord
 .text.crc16_slow
                0x06027938       0xcc c:/toolchain_generic/6.2_2016q4/arm-eabi/lib/newlib-nano-2.1-nds/\libhardware7i.a(wifi_arm7.o)
                0x06027938                crc16_slow
 .text.GetWfcSettings
                0x06027a04      0x2f8 c:/toolchain_generic/6.2_2016q4/arm-eabi/lib/newlib-nano-2.1-nds/\libhardware7i.a(wifi_arm7.o)
                0x06027a04                GetWfcSettings
 .text.Wifi_BBRead
                0x06027cfc       0x44 c:/toolchain_generic/6.2_2016q4/arm-eabi/lib/newlib-nano-2.1-nds/\libhardware7i.a(wifi_arm7.o)
                0x06027cfc                Wifi_BBRead
 .text.Wifi_BBWrite
                0x06027d40       0x7c c:/toolchain_generic/6.2_2016q4/arm-eabi/lib/newlib-nano-2.1-nds/\libhardware7i.a(wifi_arm7.o)
                0x06027d40                Wifi_BBWrite
 .text.Wifi_RFWrite
                0x06027dbc       0x40 c:/toolchain_generic/6.2_2016q4/arm-eabi/lib/newlib-nano-2.1-nds/\libhardware7i.a(wifi_arm7.o)
                0x06027dbc                Wifi_RFWrite
 .text.PowerChip_ReadWrite
                0x06027dfc       0x84 c:/toolchain_generic/6.2_2016q4/arm-eabi/lib/newlib-nano-2.1-nds/\libhardware7i.a(wifi_arm7.o)
                0x06027dfc                PowerChip_ReadWrite
 .text.SetLedState
                0x06027e80       0xfc c:/toolchain_generic/6.2_2016q4/arm-eabi/lib/newlib-nano-2.1-nds/\libhardware7i.a(wifi_arm7.o)
                0x06027e80                SetLedState
 .text.ProxySetLedState
                0x06027f7c      0x114 c:/toolchain_generic/6.2_2016q4/arm-eabi/lib/newlib-nano-2.1-nds/\libhardware7i.a(wifi_arm7.o)
                0x06027f7c                ProxySetLedState
 .text.Wifi_RFInit
                0x06028090      0x420 c:/toolchain_generic/6.2_2016q4/arm-eabi/lib/newlib-nano-2.1-nds/\libhardware7i.a(wifi_arm7.o)
                0x06028090                Wifi_RFInit
 .text.Wifi_BBInit
                0x060284b0       0x94 c:/toolchain_generic/6.2_2016q4/arm-eabi/lib/newlib-nano-2.1-nds/\libhardware7i.a(wifi_arm7.o)
                0x060284b0                Wifi_BBInit
 .text.Wifi_MacInit
                0x06028544       0x38 c:/toolchain_generic/6.2_2016q4/arm-eabi/lib/newlib-nano-2.1-nds/\libhardware7i.a(wifi_arm7.o)
                0x06028544                Wifi_MacInit
 .text.Wifi_TxSetup
                0x0602857c       0x14 c:/toolchain_generic/6.2_2016q4/arm-eabi/lib/newlib-nano-2.1-nds/\libhardware7i.a(wifi_arm7.o)
                0x0602857c                Wifi_TxSetup
 .text.Wifi_RxSetup
                0x06028590       0x58 c:/toolchain_generic/6.2_2016q4/arm-eabi/lib/newlib-nano-2.1-nds/\libhardware7i.a(wifi_arm7.o)
                0x06028590                Wifi_RxSetup
 .text.Wifi_WakeUp
                0x060285e8      0x124 c:/toolchain_generic/6.2_2016q4/arm-eabi/lib/newlib-nano-2.1-nds/\libhardware7i.a(wifi_arm7.o)
                0x060285e8                Wifi_WakeUp
 .text.Wifi_Shutdown
                0x0602870c      0x100 c:/toolchain_generic/6.2_2016q4/arm-eabi/lib/newlib-nano-2.1-nds/\libhardware7i.a(wifi_arm7.o)
                0x0602870c                Wifi_Shutdown
 .text.Wifi_CopyMacAddr
                0x0602880c       0x1c c:/toolchain_generic/6.2_2016q4/arm-eabi/lib/newlib-nano-2.1-nds/\libhardware7i.a(wifi_arm7.o)
                0x0602880c                Wifi_CopyMacAddr
 .text.Wifi_CmpMacAddr
                0x06028828       0x40 c:/toolchain_generic/6.2_2016q4/arm-eabi/lib/newlib-nano-2.1-nds/\libhardware7i.a(wifi_arm7.o)
                0x06028828                Wifi_CmpMacAddr
 .text.Wifi_MACRead
                0x06028868       0x50 c:/toolchain_generic/6.2_2016q4/arm-eabi/lib/newlib-nano-2.1-nds/\libhardware7i.a(wifi_arm7.o)
                0x06028868                Wifi_MACRead
 .text.Wifi_MACCopy
                0x060288b8       0xbc c:/toolchain_generic/6.2_2016q4/arm-eabi/lib/newlib-nano-2.1-nds/\libhardware7i.a(wifi_arm7.o)
                0x060288b8                Wifi_MACCopy
 .text.Wifi_MACWrite
                0x06028974       0xbc c:/toolchain_generic/6.2_2016q4/arm-eabi/lib/newlib-nano-2.1-nds/\libhardware7i.a(wifi_arm7.o)
                0x06028974                Wifi_MACWrite
 .text.Wifi_QueueRxMacData
                0x06028a30      0x23c c:/toolchain_generic/6.2_2016q4/arm-eabi/lib/newlib-nano-2.1-nds/\libhardware7i.a(wifi_arm7.o)
                0x06028a30                Wifi_QueueRxMacData
 .text.Wifi_CheckTxBuf
                0x06028c6c       0x34 c:/toolchain_generic/6.2_2016q4/arm-eabi/lib/newlib-nano-2.1-nds/\libhardware7i.a(wifi_arm7.o)
                0x06028c6c                Wifi_CheckTxBuf
 .text.Wifi_CopyFirstTxData
                0x06028ca0      0x138 c:/toolchain_generic/6.2_2016q4/arm-eabi/lib/newlib-nano-2.1-nds/\libhardware7i.a(wifi_arm7.o)
                0x06028ca0                Wifi_CopyFirstTxData
 .text.Wifi_TxRaw
                0x06028dd8       0xec c:/toolchain_generic/6.2_2016q4/arm-eabi/lib/newlib-nano-2.1-nds/\libhardware7i.a(wifi_arm7.o)
                0x06028dd8                Wifi_TxRaw
 .text.Wifi_TxCheck
                0x06028ec4       0x18 c:/toolchain_generic/6.2_2016q4/arm-eabi/lib/newlib-nano-2.1-nds/\libhardware7i.a(wifi_arm7.o)
                0x06028ec4                Wifi_TxCheck
 .text.Wifi_LoadBeacon
                0x06028edc      0x25c c:/toolchain_generic/6.2_2016q4/arm-eabi/lib/newlib-nano-2.1-nds/\libhardware7i.a(wifi_arm7.o)
                0x06028edc                Wifi_LoadBeacon
 .text.Wifi_SetBeaconChannel
                0x06029138       0x6c c:/toolchain_generic/6.2_2016q4/arm-eabi/lib/newlib-nano-2.1-nds/\libhardware7i.a(wifi_arm7.o)
                0x06029138                Wifi_SetBeaconChannel
 .text.Wifi_Intr_CntOverflow
                0x060291a4      0x118 c:/toolchain_generic/6.2_2016q4/arm-eabi/lib/newlib-nano-2.1-nds/\libhardware7i.a(wifi_arm7.o)
                0x060291a4                Wifi_Intr_CntOverflow
 .text.Wifi_Intr_TxEnd
                0x060292bc      0x2cc c:/toolchain_generic/6.2_2016q4/arm-eabi/lib/newlib-nano-2.1-nds/\libhardware7i.a(wifi_arm7.o)
                0x060292bc                Wifi_Intr_TxEnd
 .text.Wifi_Intr_DoNothing
                0x06029588        0x4 c:/toolchain_generic/6.2_2016q4/arm-eabi/lib/newlib-nano-2.1-nds/\libhardware7i.a(wifi_arm7.o)
                0x06029588                Wifi_Intr_DoNothing
 .text.erasemem
                0x0602958c       0x64 c:/toolchain_generic/6.2_2016q4/arm-eabi/lib/newlib-nano-2.1-nds/\libhardware7i.a(wifi_arm7.o)
                0x0602958c                erasemem
 .text.Wifi_Stop
                0x060295f0       0x70 c:/toolchain_generic/6.2_2016q4/arm-eabi/lib/newlib-nano-2.1-nds/\libhardware7i.a(wifi_arm7.o)
                0x060295f0                Wifi_Stop
 .text.Wifi_Deinit
                0x06029660       0x44 c:/toolchain_generic/6.2_2016q4/arm-eabi/lib/newlib-nano-2.1-nds/\libhardware7i.a(wifi_arm7.o)
                0x06029660                Wifi_Deinit
 .text.Wifi_SetChannel
                0x060296a4      0x2b0 c:/toolchain_generic/6.2_2016q4/arm-eabi/lib/newlib-nano-2.1-nds/\libhardware7i.a(wifi_arm7.o)
                0x060296a4                Wifi_SetChannel
 .text.Wifi_SetWepKey
                0x06029954       0xf0 c:/toolchain_generic/6.2_2016q4/arm-eabi/lib/newlib-nano-2.1-nds/\libhardware7i.a(wifi_arm7.o)
                0x06029954                Wifi_SetWepKey
 .text.Wifi_SetWepMode
                0x06029a44       0xcc c:/toolchain_generic/6.2_2016q4/arm-eabi/lib/newlib-nano-2.1-nds/\libhardware7i.a(wifi_arm7.o)
                0x06029a44                Wifi_SetWepMode
 .text.Wifi_SetBeaconPeriod
                0x06029b10       0x50 c:/toolchain_generic/6.2_2016q4/arm-eabi/lib/newlib-nano-2.1-nds/\libhardware7i.a(wifi_arm7.o)
                0x06029b10                Wifi_SetBeaconPeriod
 .text.Wifi_SetMode
                0x06029b60       0x88 c:/toolchain_generic/6.2_2016q4/arm-eabi/lib/newlib-nano-2.1-nds/\libhardware7i.a(wifi_arm7.o)
                0x06029b60                Wifi_SetMode
 .text.Wifi_Init
                0x06029be8      0x2e8 c:/toolchain_generic/6.2_2016q4/arm-eabi/lib/newlib-nano-2.1-nds/\libhardware7i.a(wifi_arm7.o)
                0x06029be8                Wifi_Init
 .text.Wifi_SetPreambleType
                0x06029ed0       0x8c c:/toolchain_generic/6.2_2016q4/arm-eabi/lib/newlib-nano-2.1-nds/\libhardware7i.a(wifi_arm7.o)
                0x06029ed0                Wifi_SetPreambleType
 .text.Wifi_DisableTempPowerSave
                0x06029f5c       0x4c c:/toolchain_generic/6.2_2016q4/arm-eabi/lib/newlib-nano-2.1-nds/\libhardware7i.a(wifi_arm7.o)
                0x06029f5c                Wifi_DisableTempPowerSave
 .text.Wifi_Start
                0x06029fa8      0x2b4 c:/toolchain_generic/6.2_2016q4/arm-eabi/lib/newlib-nano-2.1-nds/\libhardware7i.a(wifi_arm7.o)
                0x06029fa8                Wifi_Start
 .text.Wifi_TxQueue
                0x0602a25c      0x1c0 c:/toolchain_generic/6.2_2016q4/arm-eabi/lib/newlib-nano-2.1-nds/\libhardware7i.a(wifi_arm7.o)
                0x0602a25c                Wifi_TxQueue
 .text.Wifi_GenMgtHeader
                0x0602a41c      0x1b8 c:/toolchain_generic/6.2_2016q4/arm-eabi/lib/newlib-nano-2.1-nds/\libhardware7i.a(wifi_arm7.o)
                0x0602a41c                Wifi_GenMgtHeader
 .text.Wifi_SendOpenSystemAuthPacket
                0x0602a5d4       0xc4 c:/toolchain_generic/6.2_2016q4/arm-eabi/lib/newlib-nano-2.1-nds/\libhardware7i.a(wifi_arm7.o)
                0x0602a5d4                Wifi_SendOpenSystemAuthPacket
 .text.Wifi_SendSharedKeyAuthPacket
                0x0602a698       0xc4 c:/toolchain_generic/6.2_2016q4/arm-eabi/lib/newlib-nano-2.1-nds/\libhardware7i.a(wifi_arm7.o)
                0x0602a698                Wifi_SendSharedKeyAuthPacket
 .text.Wifi_SendSharedKeyAuthPacket2
                0x0602a75c      0x178 c:/toolchain_generic/6.2_2016q4/arm-eabi/lib/newlib-nano-2.1-nds/\libhardware7i.a(wifi_arm7.o)
                0x0602a75c                Wifi_SendSharedKeyAuthPacket2
 .text.Wifi_SendAssocPacket
                0x0602a8d4      0x418 c:/toolchain_generic/6.2_2016q4/arm-eabi/lib/newlib-nano-2.1-nds/\libhardware7i.a(wifi_arm7.o)
                0x0602a8d4                Wifi_SendAssocPacket
 .text.Wifi_SendNullFrame
                0x0602acec       0xc8 c:/toolchain_generic/6.2_2016q4/arm-eabi/lib/newlib-nano-2.1-nds/\libhardware7i.a(wifi_arm7.o)
                0x0602acec                Wifi_SendNullFrame
 .text.Wifi_SendPSPollFrame
                0x0602adb4       0xe8 c:/toolchain_generic/6.2_2016q4/arm-eabi/lib/newlib-nano-2.1-nds/\libhardware7i.a(wifi_arm7.o)
                0x0602adb4                Wifi_SendPSPollFrame
 .text.Wifi_ProcessReceivedFrame
                0x0602ae9c     0x22b8 c:/toolchain_generic/6.2_2016q4/arm-eabi/lib/newlib-nano-2.1-nds/\libhardware7i.a(wifi_arm7.o)
                0x0602ae9c                Wifi_ProcessReceivedFrame
 .text.Wifi_Intr_RxEnd
                0x0602d154      0x26c c:/toolchain_generic/6.2_2016q4/arm-eabi/lib/newlib-nano-2.1-nds/\libhardware7i.a(wifi_arm7.o)
                0x0602d154                Wifi_Intr_RxEnd
 .text.Wifi_Interrupt
                0x0602d3c0      0x2c0 c:/toolchain_generic/6.2_2016q4/arm-eabi/lib/newlib-nano-2.1-nds/\libhardware7i.a(wifi_arm7.o)
                0x0602d3c0                Wifi_Interrupt
 .text.Wifi_Update
                0x0602d680      0xe8c c:/toolchain_generic/6.2_2016q4/arm-eabi/lib/newlib-nano-2.1-nds/\libhardware7i.a(wifi_arm7.o)
                0x0602d680                Wifi_Update
 .text.Wifi_Sync
                0x0602e50c        0x4 c:/toolchain_generic/6.2_2016q4/arm-eabi/lib/newlib-nano-2.1-nds/\libhardware7i.a(wifi_arm7.o)
                0x0602e50c                Wifi_Sync
 .text.Wifi_SetSyncHandler
                0x0602e510       0x10 c:/toolchain_generic/6.2_2016q4/arm-eabi/lib/newlib-nano-2.1-nds/\libhardware7i.a(wifi_arm7.o)
                0x0602e510                Wifi_SetSyncHandler
 .text.wifiAddressHandler
                0x0602e520       0x34 c:/toolchain_generic/6.2_2016q4/arm-eabi/lib/newlib-nano-2.1-nds/\libhardware7i.a(wifi_arm7.o)
                0x0602e520                wifiAddressHandler
 .text.installWifiFIFO
                0x0602e554       0x20 c:/toolchain_generic/6.2_2016q4/arm-eabi/lib/newlib-nano-2.1-nds/\libhardware7i.a(wifi_arm7.o)
                0x0602e554                installWifiFIFO
 .text.NDS_IRQHandler
                0x0602e574      0x64c c:/toolchain_generic/6.2_2016q4/arm-eabi/lib/newlib-nano-2.1-nds/\libhardware7i.a(InterruptsARMCores_c.o)
                0x0602e574                NDS_IRQHandler
 .text.IRQInit  0x0602ebc0      0x118 c:/toolchain_generic/6.2_2016q4/arm-eabi/lib/newlib-nano-2.1-nds/\libhardware7i.a(InterruptsARMCores_c.o)
                0x0602ebc0                IRQInit
 .text.irqEnable
                0x0602ecd8       0x14 c:/toolchain_generic/6.2_2016q4/arm-eabi/lib/newlib-nano-2.1-nds/\libhardware7i.a(InterruptsARMCores_c.o)
                0x0602ecd8                irqEnable
 .text.irqDisable
                0x0602ecec       0x14 c:/toolchain_generic/6.2_2016q4/arm-eabi/lib/newlib-nano-2.1-nds/\libhardware7i.a(InterruptsARMCores_c.o)
                0x0602ecec                irqDisable
 .text.dldiGet  0x0602ed00       0x10 c:/toolchain_generic/6.2_2016q4/arm-eabi/lib/newlib-nano-2.1-nds/\libhardware7i.a(dldi.o)
                0x0602ed00                dldiGet
 .text.dldi_handler_init
                0x0602ed10       0x60 c:/toolchain_generic/6.2_2016q4/arm-eabi/lib/newlib-nano-2.1-nds/\libhardware7i.a(dldi.o)
                0x0602ed10                dldi_handler_init
 .text.dldi_handler_deinit
                0x0602ed70       0x3c c:/toolchain_generic/6.2_2016q4/arm-eabi/lib/newlib-nano-2.1-nds/\libhardware7i.a(dldi.o)
                0x0602ed70                dldi_handler_deinit
 .text.dldi_handler_read_sectors
                0x0602edac       0x54 c:/toolchain_generic/6.2_2016q4/arm-eabi/lib/newlib-nano-2.1-nds/\libhardware7i.a(dldi.o)
                0x0602edac                dldi_handler_read_sectors
 .text.dldi_handler_write_sectors
                0x0602ee00       0x54 c:/toolchain_generic/6.2_2016q4/arm-eabi/lib/newlib-nano-2.1-nds/\libhardware7i.a(dldi.o)
                0x0602ee00                dldi_handler_write_sectors
 .text._Z18dldiRelocateLoaderbjjj
                0x0602ee54      0x220 c:/toolchain_generic/6.2_2016q4/arm-eabi/lib/newlib-nano-2.1-nds/\libhardware7i.a(dldi.o)
                0x0602ee54                _Z18dldiRelocateLoaderbjjj
 .text._Z15dldiPatchLoaderPhjj
                0x0602f074      0x2b4 c:/toolchain_generic/6.2_2016q4/arm-eabi/lib/newlib-nano-2.1-nds/\libhardware7i.a(dldi.o)
                0x0602f074                _Z15dldiPatchLoaderPhjj
 .text.rtcTransaction
                0x0602f328      0x15c c:/toolchain_generic/6.2_2016q4/arm-eabi/lib/newlib-nano-2.1-nds/\libhardware7i.a(clockTGDS.o)
                0x0602f328                rtcTransaction
 .text.BCDToInt
                0x0602f484       0x18 c:/toolchain_generic/6.2_2016q4/arm-eabi/lib/newlib-nano-2.1-nds/\libhardware7i.a(clockTGDS.o)
                0x0602f484                BCDToInt
 .text.get_nds_seconds
                0x0602f49c      0x284 c:/toolchain_generic/6.2_2016q4/arm-eabi/lib/newlib-nano-2.1-nds/\libhardware7i.a(clockTGDS.o)
                0x0602f49c                get_nds_seconds
 .text.nds_get_time7
                0x0602f720       0x58 c:/toolchain_generic/6.2_2016q4/arm-eabi/lib/newlib-nano-2.1-nds/\libhardware7i.a(clockTGDS.o)
                0x0602f720                nds_get_time7
 .text.yrsize   0x0602f778       0x68 c:/toolchain_generic/6.2_2016q4/arm-eabi/lib/newlib-nano-2.1-nds/\libhardware7i.a(clockTGDS.o)
                0x0602f778                yrsize
 .text.tm2sec   0x0602f7e0      0x164 c:/toolchain_generic/6.2_2016q4/arm-eabi/lib/newlib-nano-2.1-nds/\libhardware7i.a(clockTGDS.o)
                0x0602f7e0                tm2sec
 .text.sec2tm   0x0602f944      0x1c4 c:/toolchain_generic/6.2_2016q4/arm-eabi/lib/newlib-nano-2.1-nds/\libhardware7i.a(clockTGDS.o)
                0x0602f944                sec2tm
 .text.nds_set_time7
                0x0602fb08       0x6c c:/toolchain_generic/6.2_2016q4/arm-eabi/lib/newlib-nano-2.1-nds/\libhardware7i.a(clockTGDS.o)
                0x0602fb08                nds_set_time7
 .text.getNDSRTCInSeconds
                0x0602fb74       0x10 c:/toolchain_generic/6.2_2016q4/arm-eabi/lib/newlib-nano-2.1-nds/\libhardware7i.a(clockTGDS.o)
                0x0602fb74                getNDSRTCInSeconds
 .text.getTime  0x0602fb84        0xc c:/toolchain_generic/6.2_2016q4/arm-eabi/lib/newlib-nano-2.1-nds/\libhardware7i.a(clockTGDS.o)
                0x0602fb84                getTime
 .text.TGDSgetDayOfWeek
                0x0602fb90       0x10 c:/toolchain_generic/6.2_2016q4/arm-eabi/lib/newlib-nano-2.1-nds/\libhardware7i.a(clockTGDS.o)
                0x0602fb90                TGDSgetDayOfWeek
 .text.TGDSsetDayOfWeek
                0x0602fba0       0x10 c:/toolchain_generic/6.2_2016q4/arm-eabi/lib/newlib-nano-2.1-nds/\libhardware7i.a(clockTGDS.o)
                0x0602fba0                TGDSsetDayOfWeek
 .text.dmaFillWord
                0x0602fbb0       0x40 c:/toolchain_generic/6.2_2016q4/arm-eabi/lib/newlib-nano-2.1-nds/\libhardware7i.a(dmaTGDS.o)
                0x0602fbb0                dmaFillWord
 .text.dmaFillHalfWord
                0x0602fbf0       0x40 c:/toolchain_generic/6.2_2016q4/arm-eabi/lib/newlib-nano-2.1-nds/\libhardware7i.a(dmaTGDS.o)
                0x0602fbf0                dmaFillHalfWord
 .text.dmaTransferHalfWord
                0x0602fc30       0x34 c:/toolchain_generic/6.2_2016q4/arm-eabi/lib/newlib-nano-2.1-nds/\libhardware7i.a(dmaTGDS.o)
                0x0602fc30                dmaTransferHalfWord
 .text.dmaTransferWord
                0x0602fc64       0x34 c:/toolchain_generic/6.2_2016q4/arm-eabi/lib/newlib-nano-2.1-nds/\libhardware7i.a(dmaTGDS.o)
                0x0602fc64                dmaTransferWord
 .text.dmaFillWordSlot2
                0x0602fc98       0x40 c:/toolchain_generic/6.2_2016q4/arm-eabi/lib/newlib-nano-2.1-nds/\libhardware7i.a(dmaTGDS.o)
                0x0602fc98                dmaFillWordSlot2
 .text.dmaFillHalfWordSlot2
                0x0602fcd8       0x40 c:/toolchain_generic/6.2_2016q4/arm-eabi/lib/newlib-nano-2.1-nds/\libhardware7i.a(dmaTGDS.o)
                0x0602fcd8                dmaFillHalfWordSlot2
 .text.dmaTransferHalfWordSlot2
                0x0602fd18       0x34 c:/toolchain_generic/6.2_2016q4/arm-eabi/lib/newlib-nano-2.1-nds/\libhardware7i.a(dmaTGDS.o)
                0x0602fd18                dmaTransferHalfWordSlot2
 .text.dmaTransferWordSlot2
                0x0602fd4c       0x34 c:/toolchain_generic/6.2_2016q4/arm-eabi/lib/newlib-nano-2.1-nds/\libhardware7i.a(dmaTGDS.o)
                0x0602fd4c                dmaTransferWordSlot2
 .text.geterror
                0x0602fd80       0x10 c:/toolchain_generic/6.2_2016q4/arm-eabi/lib/newlib-nano-2.1-nds/\libhardware7i.a(sdmmc.twl.o)
                0x0602fd80                geterror
 .text.setTarget
                0x0602fd90       0x84 c:/toolchain_generic/6.2_2016q4/arm-eabi/lib/newlib-nano-2.1-nds/\libhardware7i.a(sdmmc.twl.o)
                0x0602fd90                setTarget
 .text.sdmmc_send_command
                0x0602fe14      0x374 c:/toolchain_generic/6.2_2016q4/arm-eabi/lib/newlib-nano-2.1-nds/\libhardware7i.a(sdmmc.twl.o)
                0x0602fe14                sdmmc_send_command
 .text.sdmmc_controller_init
                0x06030188      0x19c c:/toolchain_generic/6.2_2016q4/arm-eabi/lib/newlib-nano-2.1-nds/\libhardware7i.a(sdmmc.twl.o)
                0x06030188                sdmmc_controller_init
 .text.sdmmc_sdcard_init
                0x06030324      0x44c c:/toolchain_generic/6.2_2016q4/arm-eabi/lib/newlib-nano-2.1-nds/\libhardware7i.a(sdmmc.twl.o)
                0x06030324                sdmmc_sdcard_init
 .text.sdmmc_readsectors
                0x06030770       0xf4 c:/toolchain_generic/6.2_2016q4/arm-eabi/lib/newlib-nano-2.1-nds/\libhardware7i.a(sdmmc.twl.o)
                0x06030770                sdmmc_readsectors
 .text.sdmmc_writesectors
                0x06030864      0x164 c:/toolchain_generic/6.2_2016q4/arm-eabi/lib/newlib-nano-2.1-nds/\libhardware7i.a(sdmmc.twl.o)
                0x06030864                sdmmc_writesectors
 .text.sdmmc_sd_startup
                0x060309c8      0x19c c:/toolchain_generic/6.2_2016q4/arm-eabi/lib/newlib-nano-2.1-nds/\libhardware7i.a(sdmmc.twl.o)
                0x060309c8                sdmmc_sd_startup
 .text.__aeabi_idiv
                0x06030b64       0x40 c:/toolchain_generic/6.2_2016q4/arm-eabi/lib/newlib-nano-2.1-nds/\libcnano7.a(__aeabi_idiv.o)
                0x06030b64                __aeabi_idiv
 .text.__aeabi_uidiv
                0x06030ba4        0x8 c:/toolchain_generic/6.2_2016q4/arm-eabi/lib/newlib-nano-2.1-nds/\libcnano7.a(__aeabi_uidiv.o)
                0x06030ba4                __aeabi_uidiv
 .text.__udivmodsi4
                0x06030bac       0x5c c:/toolchain_generic/6.2_2016q4/arm-eabi/lib/newlib-nano-2.1-nds/\libcnano7.a(__udivmodsi4.o)
                0x06030bac                __udivmodsi4
 .text.memcmp   0x06030c08       0x30 c:/toolchain_generic/6.2_2016q4/arm-eabi/lib/newlib-nano-2.1-nds/\libcnano7.a(memcmp.o)
                0x06030c08                memcmp
 .text.memset   0x06030c38       0x18 c:/toolchain_generic/6.2_2016q4/arm-eabi/lib/newlib-nano-2.1-nds/\libcnano7.a(memset.o)
                0x06030c38                memset
 .text.strcat   0x06030c50       0x2c c:/toolchain_generic/6.2_2016q4/arm-eabi/lib/newlib-nano-2.1-nds/\libcnano7.a(strcat.o)
                0x06030c50                strcat
 .text.strlen   0x06030c7c       0x18 c:/toolchain_generic/6.2_2016q4/arm-eabi/lib/newlib-nano-2.1-nds/\libcnano7.a(strlen.o)
                0x06030c7c                strlen
 .text.memmove  0x06030c94       0x54 c:/toolchain_generic/6.2_2016q4/arm-eabi/lib/newlib-nano-2.1-nds/\libcnano7.a(memmove.o)
                0x06030c94                memmove
 .text.memmove.__stub
                0x06030ce8        0xc linker stubs
 *(.gnu.linkonce.t*)
                0x06030cf4                . = ALIGN (0x4)
                0x06030cf4                __text_end__ = .
                0x06030cf4                __bss_vma_start = .

.glue_7         0x06030cf8        0x0
 .glue_7        0x00000000        0x0 linker stubs

.glue_7t        0x06030cf8        0x0
 .glue_7t       0x00000000        0x0 linker stubs

.twl            0x06030cf8       0x5c
 .twl           0x06030cf8       0x5c c:/toolchain_generic/6.2_2016q4/arm-eabi/lib/newlib-nano-2.1-nds/\libhardware7i.a(InterruptsARMCores_c.o)
                0x06030cf8                i2cIRQHandler
                0x06030d2c                irqDisableAUX
                0x06030d40                irqEnableAUX

.bss            0x06030d54      0xe30
 *(.dynbss*)
 *(.bss)
 .bss           0x06030d54        0x0 ./build/nds_arm_ld_crt0.o
 .bss           0x06030d54        0x0 c:/toolchain_generic/6.2_2016q4/bin/../lib/gcc/arm-eabi/4.9.2/crti.o
 .bss           0x06030d54       0x1c c:/toolchain_generic/6.2_2016q4/bin/../lib/gcc/arm-eabi/4.9.2/crtbegin.o
 .bss           0x06030d70        0x0 build/main.o
 .bss           0x06030d70        0x0 build/diskio_impl.o
 .bss           0x06030d70        0x0 build/pff.o
 .bss           0x06030d70        0x0 build/Interrupts_app7.o
 .bss           0x06030d70        0x0 build/dswnifi.o
 .bss           0x06030d70        0x0 build/ipcfifoTGDSUser.o
 .bss           0x06030d70        0x0 build/loader.o
 .bss           0x06030d70        0x0 c:/toolchain_generic/6.2_2016q4/arm-eabi/lib/newlib-nano-2.1-nds/\libtoolchaingen7i.a(biosTGDSAsm.o)
 .bss           0x06030d70        0x0 c:/toolchain_generic/6.2_2016q4/arm-eabi/lib/newlib-nano-2.1-nds/\libtoolchaingen7i.a(exceptionTGDSasm.o)
 .bss           0x06030d70        0x0 c:/toolchain_generic/6.2_2016q4/arm-eabi/lib/newlib-nano-2.1-nds/\libtoolchaingen7i.a(InterruptsARMCores_s.o)
 .bss           0x06030d70        0x0 c:/toolchain_generic/6.2_2016q4/arm-eabi/lib/newlib-nano-2.1-nds/\libhardware7i.a(eventsTGDS.o)
 .bss           0x06030d70        0x0 c:/toolchain_generic/6.2_2016q4/arm-eabi/lib/newlib-nano-2.1-nds/\libhardware7i.a(ipcfifoTGDS.o)
 .bss           0x06030d70        0x0 c:/toolchain_generic/6.2_2016q4/arm-eabi/lib/newlib-nano-2.1-nds/\libhardware7i.a(powerTGDS.o)
 .bss           0x06030d70        0x0 c:/toolchain_generic/6.2_2016q4/arm-eabi/lib/newlib-nano-2.1-nds/\libhardware7i.a(spiTGDS.o)
 .bss           0x06030d70        0x0 c:/toolchain_generic/6.2_2016q4/arm-eabi/lib/newlib-nano-2.1-nds/\libhardware7i.a(spifwTGDS.o)
 .bss           0x06030d70        0x0 c:/toolchain_generic/6.2_2016q4/arm-eabi/lib/newlib-nano-2.1-nds/\libhardware7i.a(spitscTGDS.o)
 .bss           0x06030d70        0x0 c:/toolchain_generic/6.2_2016q4/arm-eabi/lib/newlib-nano-2.1-nds/\libhardware7i.a(usrsettingsTGDS.o)
 .bss           0x06030d70        0x0 c:/toolchain_generic/6.2_2016q4/arm-eabi/lib/newlib-nano-2.1-nds/\libhardware7i.a(utils.twl.o)
 .bss           0x06030d70        0x0 c:/toolchain_generic/6.2_2016q4/arm-eabi/lib/newlib-nano-2.1-nds/\libhardware7i.a(wifi_shared.o)
 .bss           0x06030d70        0x0 c:/toolchain_generic/6.2_2016q4/arm-eabi/lib/newlib-nano-2.1-nds/\libhardware7i.a(card.twl.o)
 .bss           0x06030d70        0x0 c:/toolchain_generic/6.2_2016q4/arm-eabi/lib/newlib-nano-2.1-nds/\libhardware7i.a(codec.twl.o)
 .bss           0x06030d70        0x0 c:/toolchain_generic/6.2_2016q4/arm-eabi/lib/newlib-nano-2.1-nds/\libhardware7i.a(i2c.twl.o)
 .bss           0x06030d70        0x0 c:/toolchain_generic/6.2_2016q4/arm-eabi/lib/newlib-nano-2.1-nds/\libhardware7i.a(wifi_arm7.o)
 .bss           0x06030d70        0x0 c:/toolchain_generic/6.2_2016q4/arm-eabi/lib/newlib-nano-2.1-nds/\libhardware7i.a(spinlockTGDS.o)
 .bss           0x06030d70        0x0 c:/toolchain_generic/6.2_2016q4/arm-eabi/lib/newlib-nano-2.1-nds/\libhardware7i.a(InterruptsARMCores_c.o)
 .bss           0x06030d70        0x0 c:/toolchain_generic/6.2_2016q4/arm-eabi/lib/newlib-nano-2.1-nds/\libhardware7i.a(dldi.o)
 .bss           0x06030d70        0x0 c:/toolchain_generic/6.2_2016q4/arm-eabi/lib/newlib-nano-2.1-nds/\libhardware7i.a(clockTGDS.o)
 .bss           0x06030d70        0x0 c:/toolchain_generic/6.2_2016q4/arm-eabi/lib/newlib-nano-2.1-nds/\libhardware7i.a(dmaTGDS.o)
 .bss           0x06030d70        0x0 c:/toolchain_generic/6.2_2016q4/arm-eabi/lib/newlib-nano-2.1-nds/\libhardware7i.a(sdmmc.twl.o)
 .bss           0x06030d70        0x0 c:/toolchain_generic/6.2_2016q4/arm-eabi/lib/newlib-nano-2.1-nds/\libhardware7i.a(debugNocash.o)
 .bss           0x06030d70        0x0 c:/toolchain_generic/6.2_2016q4/arm-eabi/lib/newlib-nano-2.1-nds/\libcnano7.a(_clangmem.o)
 .bss           0x06030d70        0x0 c:/toolchain_generic/6.2_2016q4/arm-eabi/lib/newlib-nano-2.1-nds/\libcnano7.a(arm-asm-memcpy.o)
 .bss           0x06030d70        0x0 c:/toolchain_generic/6.2_2016q4/bin/../lib/gcc/arm-eabi/4.9.2/crtend.o
 .bss           0x06030d70        0x0 c:/toolchain_generic/6.2_2016q4/bin/../lib/gcc/arm-eabi/4.9.2/crtn.o
 *(.gnu.linkonce.b*.)
 *(COMMON)
 COMMON         0x06030d70      0x12c build/main.o
                0x06030d70                Fatfs
                0x06030d9c                fname
 COMMON         0x06030e9c      0x200 build/diskio_impl.o
                0x06030e9c                scratchPadSector
 COMMON         0x0603109c        0x4 build/pff.o
                0x0603109c                FatFs
 COMMON         0x060310a0        0x8 c:/toolchain_generic/6.2_2016q4/arm-eabi/lib/newlib-nano-2.1-nds/\libtoolchaingen7i.a(xmem.o)
                0x060310a0                xmem_table
                0x060310a4                xmem_blocks
 COMMON         0x060310a8       0x80 c:/toolchain_generic/6.2_2016q4/arm-eabi/lib/newlib-nano-2.1-nds/\libhardware7i.a(ipcfifoTGDS.o)
                0x060310a8                fifoFunc
 COMMON         0x06031128       0x10 c:/toolchain_generic/6.2_2016q4/arm-eabi/lib/newlib-nano-2.1-nds/\libhardware7i.a(spitscTGDS.o)
                0x06031128                xoffset
                0x0603112c                yoffset
                0x06031130                xscale
                0x06031134                yscale
 COMMON         0x06031138      0xa02 c:/toolchain_generic/6.2_2016q4/arm-eabi/lib/newlib-nano-2.1-nds/\libhardware7i.a(wifi_arm7.o)
                0x06031138                arm7q
                0x06031938                FlashData
                0x06031b38                beacon_channel
 *fill*         0x06031b3a        0x2 ff
 COMMON         0x06031b3c       0x48 c:/toolchain_generic/6.2_2016q4/arm-eabi/lib/newlib-nano-2.1-nds/\libhardware7i.a(sdmmc.twl.o)
                0x06031b3c                deviceSD
                0x06031b84                . = ALIGN (0x4)
                0x06031b84                __bss_vma_end = .
                0x06031b84                __sbss_start__ = .

.bss.CustomHandler
                0x06031b84        0x4
 .bss.CustomHandler
                0x06031b84        0x4 c:/toolchain_generic/6.2_2016q4/arm-eabi/lib/newlib-nano-2.1-nds/\libtoolchaingen7i.a(exceptionTGDS.o)
                0x06031b84                CustomHandler

.bss.exceptionArmRegsShared
                0x06031b88        0x4
 .bss.exceptionArmRegsShared
                0x06031b88        0x4 c:/toolchain_generic/6.2_2016q4/arm-eabi/lib/newlib-nano-2.1-nds/\libtoolchaingen7i.a(exceptionTGDS.o)
                0x06031b88                exceptionArmRegsShared

.bss.arm7debugBufferShared
                0x06031b8c        0x4
 .bss.arm7debugBufferShared
                0x06031b8c        0x4 c:/toolchain_generic/6.2_2016q4/arm-eabi/lib/newlib-nano-2.1-nds/\libtoolchaingen7i.a(posixHandleTGDS.o)
                0x06031b8c                arm7debugBufferShared

.bss.printfBufferShared
                0x06031b90        0x4
 .bss.printfBufferShared
                0x06031b90        0x4 c:/toolchain_generic/6.2_2016q4/arm-eabi/lib/newlib-nano-2.1-nds/\libtoolchaingen7i.a(posixHandleTGDS.o)
                0x06031b90                printfBufferShared

.bss.arm7ARGVBufferShared
                0x06031b94        0x4
 .bss.arm7ARGVBufferShared
                0x06031b94        0x4 c:/toolchain_generic/6.2_2016q4/arm-eabi/lib/newlib-nano-2.1-nds/\libtoolchaingen7i.a(posixHandleTGDS.o)
                0x06031b94                arm7ARGVBufferShared

.bss.arm7ARGVDebugBufferShared
                0x06031b98        0x4
 .bss.arm7ARGVDebugBufferShared
                0x06031b98        0x4 c:/toolchain_generic/6.2_2016q4/arm-eabi/lib/newlib-nano-2.1-nds/\libtoolchaingen7i.a(posixHandleTGDS.o)
                0x06031b98                arm7ARGVDebugBufferShared

.bss.ARM7MallocBaseAddress
                0x06031b9c        0x4
 .bss.ARM7MallocBaseAddress
                0x06031b9c        0x4 c:/toolchain_generic/6.2_2016q4/arm-eabi/lib/newlib-nano-2.1-nds/\libtoolchaingen7i.a(posixHandleTGDS.o)
                0x06031b9c                ARM7MallocBaseAddress

.bss.ARM7MallocTop
                0x06031ba0        0x4
 .bss.ARM7MallocTop
                0x06031ba0        0x4 c:/toolchain_generic/6.2_2016q4/arm-eabi/lib/newlib-nano-2.1-nds/\libtoolchaingen7i.a(posixHandleTGDS.o)
                0x06031ba0                ARM7MallocTop

.bss.__dsimode  0x06031ba4        0x1
 .bss.__dsimode
                0x06031ba4        0x1 c:/toolchain_generic/6.2_2016q4/arm-eabi/lib/newlib-nano-2.1-nds/\libtoolchaingen7i.a(utilsTGDS.o)
                0x06031ba4                __dsimode

.bss.SoundTGDSCurChannel
                0x06031ba8        0x4
 .bss.SoundTGDSCurChannel
                0x06031ba8        0x4 c:/toolchain_generic/6.2_2016q4/arm-eabi/lib/newlib-nano-2.1-nds/\libtoolchaingen7i.a(soundTGDS.o)
                0x06031ba8                SoundTGDSCurChannel

.bss.soundSampleContextCurrentMode
                0x06031bac        0x4
 .bss.soundSampleContextCurrentMode
                0x06031bac        0x4 c:/toolchain_generic/6.2_2016q4/arm-eabi/lib/newlib-nano-2.1-nds/\libtoolchaingen7i.a(soundTGDS.o)
                0x06031bac                soundSampleContextCurrentMode

.bss.strpcmL0   0x06031bb0        0x4
 .bss.strpcmL0  0x06031bb0        0x4 c:/toolchain_generic/6.2_2016q4/arm-eabi/lib/newlib-nano-2.1-nds/\libtoolchaingen7i.a(soundTGDS.o)
                0x06031bb0                strpcmL0

.bss.strpcmL1   0x06031bb4        0x4
 .bss.strpcmL1  0x06031bb4        0x4 c:/toolchain_generic/6.2_2016q4/arm-eabi/lib/newlib-nano-2.1-nds/\libtoolchaingen7i.a(soundTGDS.o)
                0x06031bb4                strpcmL1

.bss.strpcmR0   0x06031bb8        0x4
 .bss.strpcmR0  0x06031bb8        0x4 c:/toolchain_generic/6.2_2016q4/arm-eabi/lib/newlib-nano-2.1-nds/\libtoolchaingen7i.a(soundTGDS.o)
                0x06031bb8                strpcmR0

.bss.strpcmR1   0x06031bbc        0x4
 .bss.strpcmR1  0x06031bbc        0x4 c:/toolchain_generic/6.2_2016q4/arm-eabi/lib/newlib-nano-2.1-nds/\libtoolchaingen7i.a(soundTGDS.o)
                0x06031bbc                strpcmR1

.bss.lastL      0x06031bc0        0x4
 .bss.lastL     0x06031bc0        0x4 c:/toolchain_generic/6.2_2016q4/arm-eabi/lib/newlib-nano-2.1-nds/\libtoolchaingen7i.a(soundTGDS.o)
                0x06031bc0                lastL

.bss.lastR      0x06031bc4        0x4
 .bss.lastR     0x06031bc4        0x4 c:/toolchain_generic/6.2_2016q4/arm-eabi/lib/newlib-nano-2.1-nds/\libtoolchaingen7i.a(soundTGDS.o)
                0x06031bc4                lastR

.bss.sndCursor  0x06031bc8        0x4
 .bss.sndCursor
                0x06031bc8        0x4 c:/toolchain_generic/6.2_2016q4/arm-eabi/lib/newlib-nano-2.1-nds/\libtoolchaingen7i.a(soundTGDS.o)
                0x06031bc8                sndCursor

.bss.micBufLoc  0x06031bcc        0x4
 .bss.micBufLoc
                0x06031bcc        0x4 c:/toolchain_generic/6.2_2016q4/arm-eabi/lib/newlib-nano-2.1-nds/\libtoolchaingen7i.a(soundTGDS.o)
                0x06031bcc                micBufLoc

.bss.sampleLen  0x06031bd0        0x4
 .bss.sampleLen
                0x06031bd0        0x4 c:/toolchain_generic/6.2_2016q4/arm-eabi/lib/newlib-nano-2.1-nds/\libtoolchaingen7i.a(soundTGDS.o)
                0x06031bd0                sampleLen

.bss.sndRate    0x06031bd4        0x4
 .bss.sndRate   0x06031bd4        0x4 c:/toolchain_generic/6.2_2016q4/arm-eabi/lib/newlib-nano-2.1-nds/\libtoolchaingen7i.a(soundTGDS.o)
                0x06031bd4                sndRate

.bss.XMEM_BLOCKCOUNT
                0x06031bd8        0x4
 .bss.XMEM_BLOCKCOUNT
                0x06031bd8        0x4 c:/toolchain_generic/6.2_2016q4/arm-eabi/lib/newlib-nano-2.1-nds/\libtoolchaingen7i.a(xmem.o)
                0x06031bd8                XMEM_BLOCKCOUNT

.bss.XMEM_TABLESIZE
                0x06031bdc        0x4
 .bss.XMEM_TABLESIZE
                0x06031bdc        0x4 c:/toolchain_generic/6.2_2016q4/arm-eabi/lib/newlib-nano-2.1-nds/\libtoolchaingen7i.a(xmem.o)
                0x06031bdc                XMEM_TABLESIZE

.bss.secondsPassed
                0x06031be0        0x4
 .bss.secondsPassed
                0x06031be0        0x4 c:/toolchain_generic/6.2_2016q4/arm-eabi/lib/newlib-nano-2.1-nds/\libhardware7i.a(eventsTGDS.o)
                0x06031be0                secondsPassed

.bss.sleepModeEnabled
                0x06031be4        0x1
 .bss.sleepModeEnabled
                0x06031be4        0x1 c:/toolchain_generic/6.2_2016q4/arm-eabi/lib/newlib-nano-2.1-nds/\libhardware7i.a(eventsTGDS.o)
                0x06031be4                sleepModeEnabled

.bss.dsvcount   0x06031be8        0x4
 .bss.dsvcount  0x06031be8        0x4 c:/toolchain_generic/6.2_2016q4/arm-eabi/lib/newlib-nano-2.1-nds/\libhardware7i.a(eventsTGDS.o)
                0x06031be8                dsvcount

.bss.eventsTGDSActive
                0x06031bec        0x1
 .bss.eventsTGDSActive
                0x06031bec        0x1 c:/toolchain_generic/6.2_2016q4/arm-eabi/lib/newlib-nano-2.1-nds/\libhardware7i.a(eventsTGDS.o)
                0x06031bec                eventsTGDSActive

.bss.sleepModeTimeout
                0x06031bf0        0x4
 .bss.sleepModeTimeout
                0x06031bf0        0x4 c:/toolchain_generic/6.2_2016q4/arm-eabi/lib/newlib-nano-2.1-nds/\libhardware7i.a(eventsTGDS.o)
                0x06031bf0                sleepModeTimeout

.bss.isArm7ClosedLid
                0x06031bf4        0x1
 .bss.isArm7ClosedLid
                0x06031bf4        0x1 c:/toolchain_generic/6.2_2016q4/arm-eabi/lib/newlib-nano-2.1-nds/\libhardware7i.a(eventsTGDS.o)
                0x06031bf4                isArm7ClosedLid

.bss.LastTSCPosX
                0x06031bf8        0x4
 .bss.LastTSCPosX
                0x06031bf8        0x4 c:/toolchain_generic/6.2_2016q4/arm-eabi/lib/newlib-nano-2.1-nds/\libhardware7i.a(ipcfifoTGDS.o)

.bss.LastTSCPosY
                0x06031bfc        0x4
 .bss.LastTSCPosY
                0x06031bfc        0x4 c:/toolchain_generic/6.2_2016q4/arm-eabi/lib/newlib-nano-2.1-nds/\libhardware7i.a(ipcfifoTGDS.o)

.bss.range_counter_1
                0x06031c00        0x1
 .bss.range_counter_1
                0x06031c00        0x1 c:/toolchain_generic/6.2_2016q4/arm-eabi/lib/newlib-nano-2.1-nds/\libhardware7i.a(spitscTGDS.o)

.bss.range_counter_2
                0x06031c01        0x1
 .bss.range_counter_2
                0x06031c01        0x1 c:/toolchain_generic/6.2_2016q4/arm-eabi/lib/newlib-nano-2.1-nds/\libhardware7i.a(spitscTGDS.o)

.bss.touchInit  0x06031c02        0x1
 .bss.touchInit
                0x06031c02        0x1 c:/toolchain_generic/6.2_2016q4/arm-eabi/lib/newlib-nano-2.1-nds/\libhardware7i.a(spitscTGDS.o)
                0x06031c02                touchInit

.bss.last_time_touched
                0x06031c03        0x1
 .bss.last_time_touched
                0x06031c03        0x1 c:/toolchain_generic/6.2_2016q4/arm-eabi/lib/newlib-nano-2.1-nds/\libhardware7i.a(spitscTGDS.o)

.bss.i2cCurrentDelay
                0x06031c04        0x4
 .bss.i2cCurrentDelay
                0x06031c04        0x4 c:/toolchain_generic/6.2_2016q4/arm-eabi/lib/newlib-nano-2.1-nds/\libhardware7i.a(i2c.twl.o)

.bss.scanIndex  0x06031c08        0x4
 .bss.scanIndex
                0x06031c08        0x4 c:/toolchain_generic/6.2_2016q4/arm-eabi/lib/newlib-nano-2.1-nds/\libhardware7i.a(wifi_arm7.o)

.bss.arm7qlen   0x06031c0c        0x2
 .bss.arm7qlen  0x06031c0c        0x2 c:/toolchain_generic/6.2_2016q4/arm-eabi/lib/newlib-nano-2.1-nds/\libhardware7i.a(wifi_arm7.o)
                0x06031c0c                arm7qlen

.bss.keepalive_time
                0x06031c10        0x4
 .bss.keepalive_time
                0x06031c10        0x4 c:/toolchain_generic/6.2_2016q4/arm-eabi/lib/newlib-nano-2.1-nds/\libhardware7i.a(wifi_arm7.o)
                0x06031c10                keepalive_time

.bss.led_state  0x06031c14        0x4
 .bss.led_state
                0x06031c14        0x4 c:/toolchain_generic/6.2_2016q4/arm-eabi/lib/newlib-nano-2.1-nds/\libhardware7i.a(wifi_arm7.o)
                0x06031c14                led_state

.bss.chdata_save5
                0x06031c18        0x4
 .bss.chdata_save5
                0x06031c18        0x4 c:/toolchain_generic/6.2_2016q4/arm-eabi/lib/newlib-nano-2.1-nds/\libhardware7i.a(wifi_arm7.o)
                0x06031c18                chdata_save5

.bss.synchandler
                0x06031c1c        0x4
 .bss.synchandler
                0x06031c1c        0x4 c:/toolchain_generic/6.2_2016q4/arm-eabi/lib/newlib-nano-2.1-nds/\libhardware7i.a(wifi_arm7.o)
                0x06031c1c                synchandler

.bss.WifiData   0x06031c20        0x4
 .bss.WifiData  0x06031c20        0x4 c:/toolchain_generic/6.2_2016q4/arm-eabi/lib/newlib-nano-2.1-nds/\libhardware7i.a(wifi_arm7.o)
                0x06031c20                WifiData

.bss._ZL7penDown
                0x06031c24        0x1
 .bss._ZL7penDown
                0x06031c24        0x1 c:/toolchain_generic/6.2_2016q4/arm-eabi/lib/newlib-nano-2.1-nds/\libhardware7i.a(InterruptsARMCores_c.o)

.bss.DLDIARM7Address
                0x06031c28        0x4
 .bss.DLDIARM7Address
                0x06031c28        0x4 c:/toolchain_generic/6.2_2016q4/arm-eabi/lib/newlib-nano-2.1-nds/\libhardware7i.a(dldi.o)
                0x06031c28                DLDIARM7Address

.sbss           0x06031c2c        0x0
 *(.sbss*)
                0x06031c2c                . = ALIGN (0x4)
                0x06031c2c                __sbss_vma_end = .
                0x06031c2c                __data_start__ = .

.data           0x06031c2c      0x1a0
 *(.data)
 .data          0x06031c2c        0x0 ./build/nds_arm_ld_crt0.o
 .data          0x06031c2c        0x0 c:/toolchain_generic/6.2_2016q4/bin/../lib/gcc/arm-eabi/4.9.2/crti.o
 .data          0x06031c2c        0x4 c:/toolchain_generic/6.2_2016q4/bin/../lib/gcc/arm-eabi/4.9.2/crtbegin.o
                0x06031c2c                __dso_handle
 .data          0x06031c30        0x0 build/main.o
 .data          0x06031c30        0x0 build/diskio_impl.o
 .data          0x06031c30        0x0 build/pff.o
 .data          0x06031c30        0x0 build/Interrupts_app7.o
 .data          0x06031c30        0x0 build/dswnifi.o
 .data          0x06031c30        0x0 build/ipcfifoTGDSUser.o
 .data          0x06031c30        0x0 build/loader.o
 .data          0x06031c30        0x0 c:/toolchain_generic/6.2_2016q4/arm-eabi/lib/newlib-nano-2.1-nds/\libtoolchaingen7i.a(biosTGDSAsm.o)
 .data          0x06031c30        0x0 c:/toolchain_generic/6.2_2016q4/arm-eabi/lib/newlib-nano-2.1-nds/\libtoolchaingen7i.a(exceptionTGDSasm.o)
 .data          0x06031c30        0x0 c:/toolchain_generic/6.2_2016q4/arm-eabi/lib/newlib-nano-2.1-nds/\libtoolchaingen7i.a(InterruptsARMCores_s.o)
 .data          0x06031c30        0x0 c:/toolchain_generic/6.2_2016q4/arm-eabi/lib/newlib-nano-2.1-nds/\libhardware7i.a(eventsTGDS.o)
 .data          0x06031c30        0x0 c:/toolchain_generic/6.2_2016q4/arm-eabi/lib/newlib-nano-2.1-nds/\libhardware7i.a(ipcfifoTGDS.o)
 .data          0x06031c30        0x0 c:/toolchain_generic/6.2_2016q4/arm-eabi/lib/newlib-nano-2.1-nds/\libhardware7i.a(powerTGDS.o)
 .data          0x06031c30        0x0 c:/toolchain_generic/6.2_2016q4/arm-eabi/lib/newlib-nano-2.1-nds/\libhardware7i.a(spiTGDS.o)
 .data          0x06031c30        0x0 c:/toolchain_generic/6.2_2016q4/arm-eabi/lib/newlib-nano-2.1-nds/\libhardware7i.a(spifwTGDS.o)
 .data          0x06031c30        0x0 c:/toolchain_generic/6.2_2016q4/arm-eabi/lib/newlib-nano-2.1-nds/\libhardware7i.a(spitscTGDS.o)
 .data          0x06031c30        0x0 c:/toolchain_generic/6.2_2016q4/arm-eabi/lib/newlib-nano-2.1-nds/\libhardware7i.a(usrsettingsTGDS.o)
 .data          0x06031c30        0x0 c:/toolchain_generic/6.2_2016q4/arm-eabi/lib/newlib-nano-2.1-nds/\libhardware7i.a(utils.twl.o)
 .data          0x06031c30        0x0 c:/toolchain_generic/6.2_2016q4/arm-eabi/lib/newlib-nano-2.1-nds/\libhardware7i.a(wifi_shared.o)
 .data          0x06031c30        0x0 c:/toolchain_generic/6.2_2016q4/arm-eabi/lib/newlib-nano-2.1-nds/\libhardware7i.a(card.twl.o)
 .data          0x06031c30        0x0 c:/toolchain_generic/6.2_2016q4/arm-eabi/lib/newlib-nano-2.1-nds/\libhardware7i.a(codec.twl.o)
 .data          0x06031c30        0x0 c:/toolchain_generic/6.2_2016q4/arm-eabi/lib/newlib-nano-2.1-nds/\libhardware7i.a(i2c.twl.o)
 .data          0x06031c30        0x0 c:/toolchain_generic/6.2_2016q4/arm-eabi/lib/newlib-nano-2.1-nds/\libhardware7i.a(wifi_arm7.o)
 .data          0x06031c30        0x0 c:/toolchain_generic/6.2_2016q4/arm-eabi/lib/newlib-nano-2.1-nds/\libhardware7i.a(spinlockTGDS.o)
 .data          0x06031c30        0x0 c:/toolchain_generic/6.2_2016q4/arm-eabi/lib/newlib-nano-2.1-nds/\libhardware7i.a(InterruptsARMCores_c.o)
 .data          0x06031c30        0x0 c:/toolchain_generic/6.2_2016q4/arm-eabi/lib/newlib-nano-2.1-nds/\libhardware7i.a(dldi.o)
 .data          0x06031c30        0x0 c:/toolchain_generic/6.2_2016q4/arm-eabi/lib/newlib-nano-2.1-nds/\libhardware7i.a(clockTGDS.o)
 .data          0x06031c30        0x0 c:/toolchain_generic/6.2_2016q4/arm-eabi/lib/newlib-nano-2.1-nds/\libhardware7i.a(dmaTGDS.o)
 .data          0x06031c30        0x0 c:/toolchain_generic/6.2_2016q4/arm-eabi/lib/newlib-nano-2.1-nds/\libhardware7i.a(sdmmc.twl.o)
 .data          0x06031c30        0x0 c:/toolchain_generic/6.2_2016q4/arm-eabi/lib/newlib-nano-2.1-nds/\libhardware7i.a(debugNocash.o)
 .data          0x06031c30        0x0 c:/toolchain_generic/6.2_2016q4/arm-eabi/lib/newlib-nano-2.1-nds/\libcnano7.a(_clangmem.o)
 .data          0x06031c30        0x0 c:/toolchain_generic/6.2_2016q4/arm-eabi/lib/newlib-nano-2.1-nds/\libcnano7.a(arm-asm-memcpy.o)
 .data          0x06031c30        0x0 c:/toolchain_generic/6.2_2016q4/bin/../lib/gcc/arm-eabi/4.9.2/crtend.o
 .data          0x06031c30        0x0 c:/toolchain_generic/6.2_2016q4/bin/../lib/gcc/arm-eabi/4.9.2/crtn.o
 *(.data.*)
 .data.sleepIsEnabled
                0x06031c30        0x1 c:/toolchain_generic/6.2_2016q4/arm-eabi/lib/newlib-nano-2.1-nds/\libtoolchaingen7i.a(utilsTGDS.o)
                0x06031c30                sleepIsEnabled
 *fill*         0x06031c31        0x3 ff
 .data.TGDSPayloadMode
                0x06031c34        0x4 c:/toolchain_generic/6.2_2016q4/arm-eabi/lib/newlib-nano-2.1-nds/\libtoolchaingen7i.a(utilsTGDS.o)
                0x06031c34                TGDSPayloadMode
 .data.multRate
                0x06031c38        0x4 c:/toolchain_generic/6.2_2016q4/arm-eabi/lib/newlib-nano-2.1-nds/\libtoolchaingen7i.a(soundTGDS.o)
                0x06031c38                multRate
 .data.pollCount
                0x06031c3c        0x4 c:/toolchain_generic/6.2_2016q4/arm-eabi/lib/newlib-nano-2.1-nds/\libtoolchaingen7i.a(soundTGDS.o)
                0x06031c3c                pollCount
 .data.XMEMTOTALSIZE
                0x06031c40        0x4 c:/toolchain_generic/6.2_2016q4/arm-eabi/lib/newlib-nano-2.1-nds/\libtoolchaingen7i.a(xmem.o)
                0x06031c40                XMEMTOTALSIZE
 .data.XMEM_BLOCKSIZE
                0x06031c44        0x2 c:/toolchain_generic/6.2_2016q4/arm-eabi/lib/newlib-nano-2.1-nds/\libtoolchaingen7i.a(xmem.o)
                0x06031c44                XMEM_BLOCKSIZE
 *fill*         0x06031c46        0x2 ff
 .data.TGDSEvent
                0x06031c48        0x4 c:/toolchain_generic/6.2_2016q4/arm-eabi/lib/newlib-nano-2.1-nds/\libhardware7i.a(eventsTGDS.o)
                0x06031c48                TGDSEvent
 .data.range    0x06031c4c        0x1 c:/toolchain_generic/6.2_2016q4/arm-eabi/lib/newlib-nano-2.1-nds/\libhardware7i.a(spitscTGDS.o)
 .data.curBank.7111
                0x06031c4d        0x1 c:/toolchain_generic/6.2_2016q4/arm-eabi/lib/newlib-nano-2.1-nds/\libhardware7i.a(codec.twl.o)
 *fill*         0x06031c4e        0x2 ff
 .data.count_ofs_list
                0x06031c50       0x24 c:/toolchain_generic/6.2_2016q4/arm-eabi/lib/newlib-nano-2.1-nds/\libhardware7i.a(wifi_arm7.o)
                0x06031c50                count_ofs_list
 .data.MAC_Vallist
                0x06031c74       0x58 c:/toolchain_generic/6.2_2016q4/arm-eabi/lib/newlib-nano-2.1-nds/\libhardware7i.a(wifi_arm7.o)
                0x06031c74                MAC_Vallist
 .data.RF_Reglist
                0x06031ccc       0x40 c:/toolchain_generic/6.2_2016q4/arm-eabi/lib/newlib-nano-2.1-nds/\libhardware7i.a(wifi_arm7.o)
                0x06031ccc                RF_Reglist
 .data.MAC_Reglist
                0x06031d0c       0x58 c:/toolchain_generic/6.2_2016q4/arm-eabi/lib/newlib-nano-2.1-nds/\libhardware7i.a(wifi_arm7.o)
                0x06031d0c                MAC_Reglist
 .data.ldmsize  0x06031d64       0x34 c:/toolchain_generic/6.2_2016q4/arm-eabi/lib/newlib-nano-2.1-nds/\libhardware7i.a(clockTGDS.o)
 .data.dmsize   0x06031d98       0x34 c:/toolchain_generic/6.2_2016q4/arm-eabi/lib/newlib-nano-2.1-nds/\libhardware7i.a(clockTGDS.o)
 *(.gnu.linkonce.d*)
                0x06031dcc                . = ALIGN (0x4)
                0x06031dcc                __data_end__ = .
                0x06031dcc                __rodata_start__ = .

.got            0x06031dcc       0x88
 .got           0x06031dcc       0x88 ./build/nds_arm_ld_crt0.o

.got.plt        0x06031e54        0xc
 .got.plt       0x06031e54        0xc ./build/nds_arm_ld_crt0.o
                0x06031e54                _GLOBAL_OFFSET_TABLE_

.tm_clone_table
                0x06031e60        0x0
 .tm_clone_table
                0x06031e60        0x0 c:/toolchain_generic/6.2_2016q4/bin/../lib/gcc/arm-eabi/4.9.2/crtbegin.o
 .tm_clone_table
                0x06031e60        0x0 c:/toolchain_generic/6.2_2016q4/bin/../lib/gcc/arm-eabi/4.9.2/crtend.o

.rodata         0x06031e60      0x1cc
 *(.rdata)
 *(.rodata)
 .rodata        0x06031e60       0x18 build/main.o
 .rodata        0x06031e78       0x80 build/pff.o
 *(.rodata.*)
 .rodata.str1.1
                0x06031ef8       0x5f c:/toolchain_generic/6.2_2016q4/arm-eabi/lib/newlib-nano-2.1-nds/\libtoolchaingen7i.a(exceptionTGDS.o)
 .rodata.str1.1
                0x06031f57        0xf c:/toolchain_generic/6.2_2016q4/arm-eabi/lib/newlib-nano-2.1-nds/\libtoolchaingen7i.a(utilsTGDS.o)
 *fill*         0x06031f66        0x2 ff
 .rodata.str1.4
                0x06031f68       0x1d c:/toolchain_generic/6.2_2016q4/arm-eabi/lib/newlib-nano-2.1-nds/\libtoolchaingen7i.a(utilsTGDS.o)
 .rodata.str1.1
                0x06031f85       0x44 c:/toolchain_generic/6.2_2016q4/arm-eabi/lib/newlib-nano-2.1-nds/\libtoolchaingen7i.a(xmem.o)
 *fill*         0x06031fc9        0x3 ff
 .rodata.scanlist_size
                0x06031fcc        0x4 c:/toolchain_generic/6.2_2016q4/arm-eabi/lib/newlib-nano-2.1-nds/\libhardware7i.a(wifi_arm7.o)
 .rodata.scanlist
                0x06031fd0       0x14 c:/toolchain_generic/6.2_2016q4/arm-eabi/lib/newlib-nano-2.1-nds/\libhardware7i.a(wifi_arm7.o)
 .rodata.str1.4
                0x06031fe4       0x38 c:/toolchain_generic/6.2_2016q4/arm-eabi/lib/newlib-nano-2.1-nds/\libhardware7i.a(InterruptsARMCores_c.o)
 .rodata._ZL15dldiMagicString
                0x0603201c        0xc c:/toolchain_generic/6.2_2016q4/arm-eabi/lib/newlib-nano-2.1-nds/\libhardware7i.a(dldi.o)
 .rodata.DLDI_MAGIC_NUMBER
                0x06032028        0x4 c:/toolchain_generic/6.2_2016q4/arm-eabi/lib/newlib-nano-2.1-nds/\libhardware7i.a(dldi.o)
                0x06032028                DLDI_MAGIC_NUMBER
 *(.gnu.linkonce.r.*)
                0x0603202c                . = ALIGN (0x4)
                0x0603202c                __rodata_end__ = .
                0x0603202c                __eh_frame_start__ = .

.eh_frame       0x0603202c        0x4
 *(.eh_frame*)
 .eh_frame      0x0603202c        0x0 c:/toolchain_generic/6.2_2016q4/bin/../lib/gcc/arm-eabi/4.9.2/crtbegin.o
 .eh_frame      0x0603202c        0x4 c:/toolchain_generic/6.2_2016q4/bin/../lib/gcc/arm-eabi/4.9.2/crtend.o
                0x06032030                . = ALIGN (0x4)
                0x06032030                __eh_frame_end__ = .
                0x06032030                __jcr_start__ = .

.jcr            0x06032030        0x4
 *(.jcr*)
 .jcr           0x06032030        0x0 c:/toolchain_generic/6.2_2016q4/bin/../lib/gcc/arm-eabi/4.9.2/crtbegin.o
 .jcr           0x06032030        0x4 c:/toolchain_generic/6.2_2016q4/bin/../lib/gcc/arm-eabi/4.9.2/crtend.o
                0x06032034                . = ALIGN (0x4)
                0x06032034                __jcr_end__ = .
                0x06032034                __vfp11_veneer_start__ = .

.vfp11_veneer   0x06032034        0x0
 *(.vfp11_veneer*)
 .vfp11_veneer  0x00000000        0x0 linker stubs
                0x06032034                . = ALIGN (0x4)
                0x06032034                __vfp11_veneer_end__ = .
                0x06032034                __exidx_start = .

.ARM.exidx      0x06032034        0x8
 *(.ARM.exidx)
 *(.ARM.exidx*)
 .ARM.exidx.text.swiFastCopy
                0x06032034        0x8 c:/toolchain_generic/6.2_2016q4/arm-eabi/lib/newlib-nano-2.1-nds/\libtoolchaingen7i.a(biosTGDSC.o)
 .ARM.exidx.text.handleARM7InitSVC
                0x0603203c        0x0 c:/toolchain_generic/6.2_2016q4/arm-eabi/lib/newlib-nano-2.1-nds/\libtoolchaingen7i.a(biosTGDSC.o)
                                  0x8 (size before relaxing)
 .ARM.exidx.text.handleARM7SVC
                0x0603203c        0x0 c:/toolchain_generic/6.2_2016q4/arm-eabi/lib/newlib-nano-2.1-nds/\libtoolchaingen7i.a(biosTGDSC.o)
                                  0x8 (size before relaxing)
 .ARM.exidx.text.setupDefaultExceptionHandler
                0x0603203c        0x0 c:/toolchain_generic/6.2_2016q4/arm-eabi/lib/newlib-nano-2.1-nds/\libtoolchaingen7i.a(exceptionTGDS.o)
                                  0x8 (size before relaxing)
 .ARM.exidx.text.setupCustomExceptionHandler
                0x0603203c        0x0 c:/toolchain_generic/6.2_2016q4/arm-eabi/lib/newlib-nano-2.1-nds/\libtoolchaingen7i.a(exceptionTGDS.o)
                                  0x8 (size before relaxing)
 .ARM.exidx.text.exception_sysexit
                0x0603203c        0x0 c:/toolchain_generic/6.2_2016q4/arm-eabi/lib/newlib-nano-2.1-nds/\libtoolchaingen7i.a(exceptionTGDS.o)
                                  0x8 (size before relaxing)
 .ARM.exidx.text.generalARMExceptionHandler
                0x0603203c        0x0 c:/toolchain_generic/6.2_2016q4/arm-eabi/lib/newlib-nano-2.1-nds/\libtoolchaingen7i.a(exceptionTGDS.o)
                                  0x8 (size before relaxing)
 .ARM.exidx.text.resetMemory_ARMCores
                0x0603203c        0x0 c:/toolchain_generic/6.2_2016q4/arm-eabi/lib/newlib-nano-2.1-nds/\libtoolchaingen7i.a(initNDSTGDS.o)
                                  0x8 (size before relaxing)
 .ARM.exidx.text.initHardware
                0x0603203c        0x0 c:/toolchain_generic/6.2_2016q4/arm-eabi/lib/newlib-nano-2.1-nds/\libtoolchaingen7i.a(initNDSTGDS.o)
                                  0x8 (size before relaxing)
 .ARM.exidx.text.get_iwram_start
                0x0603203c        0x0 c:/toolchain_generic/6.2_2016q4/arm-eabi/lib/newlib-nano-2.1-nds/\libtoolchaingen7i.a(posixHandleTGDS.o)
                                  0x8 (size before relaxing)
 .ARM.exidx.text.get_iwram_size
                0x0603203c        0x0 c:/toolchain_generic/6.2_2016q4/arm-eabi/lib/newlib-nano-2.1-nds/\libtoolchaingen7i.a(posixHandleTGDS.o)
                                  0x8 (size before relaxing)
 .ARM.exidx.text.get_iwram_end
                0x0603203c        0x0 c:/toolchain_generic/6.2_2016q4/arm-eabi/lib/newlib-nano-2.1-nds/\libtoolchaingen7i.a(posixHandleTGDS.o)
                                  0x8 (size before relaxing)
 .ARM.exidx.text.get_lma_libend
                0x0603203c        0x0 c:/toolchain_generic/6.2_2016q4/arm-eabi/lib/newlib-nano-2.1-nds/\libtoolchaingen7i.a(posixHandleTGDS.o)
                                  0x8 (size before relaxing)
 .ARM.exidx.text.get_lma_wramend